Component: ARM Compiler 5.06 update 6 (build 750) Tool: armlink [4d35ed]

==============================================================================

Section Cross References

    main.o(i.PIDTask) refers to tasks.o(i.xTaskGetTickCount) for xTaskGetTickCount
    main.o(i.PIDTask) refers to pid.o(i.PID_process) for PID_process
    main.o(i.PIDTask) refers to tasks.o(i.vTaskDelayUntil) for vTaskDelayUntil
    main.o(i.commsTask) refers to comms.o(i.comms_process) for comms_process
    main.o(i.commsTask) refers to tasks.o(i.vTaskDelay) for vTaskDelay
    main.o(i.commsTask2) refers to _printf_percent.o(.ARM.Collect$$_printf_percent$$00000000) for _printf_percent
    main.o(i.commsTask2) refers to _printf_d.o(.ARM.Collect$$_printf_percent$$00000009) for _printf_d
    main.o(i.commsTask2) refers to _printf_dec.o(.text) for _printf_int_dec
    main.o(i.commsTask2) refers to encoder.o(i.encoder_get_position) for encoder_get_position
    main.o(i.commsTask2) refers to noretval__2printf.o(.text) for __2printf
    main.o(i.commsTask2) refers to tasks.o(i.vTaskDelay) for vTaskDelay
    main.o(i.main) refers to comms.o(i.comms_initialize) for comms_initialize
    main.o(i.main) refers to encoder.o(i.encoder_initialize) for encoder_initialize
    main.o(i.main) refers to motor.o(i.motor_initialize) for motor_initialize
    main.o(i.main) refers to pid.o(i.PID_initialize) for PID_initialize
    main.o(i.main) refers to tasks.o(i.xTaskCreate) for xTaskCreate
    main.o(i.main) refers to tasks.o(i.vTaskStartScheduler) for vTaskStartScheduler
    main.o(i.main) refers to main.o(i.commsTask) for commsTask
    main.o(i.main) refers to main.o(i.PIDTask) for PIDTask
    main.o(i.vApplicationIdleHook) refers to heap_1.o(i.xPortGetFreeHeapSize) for xPortGetFreeHeapSize
    commands.o(i.PID_get_parameters_fn) refers to _printf_percent.o(.ARM.Collect$$_printf_percent$$00000000) for _printf_percent
    commands.o(i.PID_get_parameters_fn) refers to _printf_f.o(.ARM.Collect$$_printf_percent$$00000003) for _printf_f
    commands.o(i.PID_get_parameters_fn) refers to printf1.o(x$fpl$printf1) for _printf_fp_dec
    commands.o(i.PID_get_parameters_fn) refers to pid.o(i.PID_get_parameters) for PID_get_parameters
    commands.o(i.PID_get_parameters_fn) refers to noretval__2printf.o(.text) for __2printf
    commands.o(i.get_position) refers to _printf_percent.o(.ARM.Collect$$_printf_percent$$00000000) for _printf_percent
    commands.o(i.get_position) refers to _printf_d.o(.ARM.Collect$$_printf_percent$$00000009) for _printf_d
    commands.o(i.get_position) refers to _printf_dec.o(.text) for _printf_int_dec
    commands.o(i.get_position) refers to encoder.o(i.encoder_get_position) for encoder_get_position
    commands.o(i.get_position) refers to noretval__2printf.o(.text) for __2printf
    commands.o(i.set_Kd) refers to scanf1.o(x$fpl$scanf1) for _scanf_real
    commands.o(i.set_Kd) refers to _printf_percent.o(.ARM.Collect$$_printf_percent$$00000000) for _printf_percent
    commands.o(i.set_Kd) refers to _printf_f.o(.ARM.Collect$$_printf_percent$$00000003) for _printf_f
    commands.o(i.set_Kd) refers to printf1.o(x$fpl$printf1) for _printf_fp_dec
    commands.o(i.set_Kd) refers to __0sscanf.o(.text) for __0sscanf
    commands.o(i.set_Kd) refers to pid.o(i.PID_set_Kd) for PID_set_Kd
    commands.o(i.set_Kd) refers to noretval__2printf.o(.text) for __2printf
    commands.o(i.set_Ki) refers to scanf1.o(x$fpl$scanf1) for _scanf_real
    commands.o(i.set_Ki) refers to _printf_percent.o(.ARM.Collect$$_printf_percent$$00000000) for _printf_percent
    commands.o(i.set_Ki) refers to _printf_f.o(.ARM.Collect$$_printf_percent$$00000003) for _printf_f
    commands.o(i.set_Ki) refers to printf1.o(x$fpl$printf1) for _printf_fp_dec
    commands.o(i.set_Ki) refers to __0sscanf.o(.text) for __0sscanf
    commands.o(i.set_Ki) refers to pid.o(i.PID_set_Ki) for PID_set_Ki
    commands.o(i.set_Ki) refers to noretval__2printf.o(.text) for __2printf
    commands.o(i.set_Kp) refers to scanf1.o(x$fpl$scanf1) for _scanf_real
    commands.o(i.set_Kp) refers to _printf_percent.o(.ARM.Collect$$_printf_percent$$00000000) for _printf_percent
    commands.o(i.set_Kp) refers to _printf_f.o(.ARM.Collect$$_printf_percent$$00000003) for _printf_f
    commands.o(i.set_Kp) refers to printf1.o(x$fpl$printf1) for _printf_fp_dec
    commands.o(i.set_Kp) refers to __0sscanf.o(.text) for __0sscanf
    commands.o(i.set_Kp) refers to pid.o(i.PID_set_Kp) for PID_set_Kp
    commands.o(i.set_Kp) refers to noretval__2printf.o(.text) for __2printf
    commands.o(i.set_position) refers to _scanf_int.o(.text) for _scanf_int
    commands.o(i.set_position) refers to _printf_percent.o(.ARM.Collect$$_printf_percent$$00000000) for _printf_percent
    commands.o(i.set_position) refers to _printf_d.o(.ARM.Collect$$_printf_percent$$00000009) for _printf_d
    commands.o(i.set_position) refers to _printf_dec.o(.text) for _printf_int_dec
[...]
    __rt_lib_init_rand_1                     0x080001b5   Thumb Code     0  libinit2.o(.ARM.Collect$$libinit$$0000000E)
    __rt_lib_init_user_alloc_1               0x080001b5   Thumb Code     0  libinit2.o(.ARM.Collect$$libinit$$0000000C)
    __rt_lib_init_lc_collate_1               0x080001bb   Thumb Code     0  libinit2.o(.ARM.Collect$$libinit$$00000011)
    __rt_lib_init_lc_ctype_2                 0x080001bb   Thumb Code     0  libinit2.o(.ARM.Collect$$libinit$$00000012)
    __rt_lib_init_lc_ctype_1                 0x080001c7   Thumb Code     0  libinit2.o(.ARM.Collect$$libinit$$00000013)
    __rt_lib_init_lc_monetary_1              0x080001c7   Thumb Code     0  libinit2.o(.ARM.Collect$$libinit$$00000015)
    __rt_lib_init_lc_numeric_2               0x080001c7   Thumb Code     0  libinit2.o(.ARM.Collect$$libinit$$00000016)
    __rt_lib_init_atexit_1                   0x080001d1   Thumb Code     0  libinit2.o(.ARM.Collect$$libinit$$0000001B)
    __rt_lib_init_clock_1                    0x080001d1   Thumb Code     0  libinit2.o(.ARM.Collect$$libinit$$00000021)
    __rt_lib_init_fp_trap_1                  0x080001d1   Thumb Code     0  libinit2.o(.ARM.Collect$$libinit$$0000001F)
    __rt_lib_init_getenv_1                   0x080001d1   Thumb Code     0  libinit2.o(.ARM.Collect$$libinit$$00000023)
    __rt_lib_init_lc_numeric_1               0x080001d1   Thumb Code     0  libinit2.o(.ARM.Collect$$libinit$$00000017)
    __rt_lib_init_lc_time_1                  0x080001d1   Thumb Code     0  libinit2.o(.ARM.Collect$$libinit$$00000019)
    __rt_lib_init_signal_1                   0x080001d1   Thumb Code     0  libinit2.o(.ARM.Collect$$libinit$$0000001D)
    __rt_lib_init_stdio_2                    0x080001d1   Thumb Code     0  libinit2.o(.ARM.Collect$$libinit$$00000024)
    __rt_lib_init_alloca_1                   0x080001d5   Thumb Code     0  libinit2.o(.ARM.Collect$$libinit$$0000002E)
    __rt_lib_init_argv_1                     0x080001d5   Thumb Code     0  libinit2.o(.ARM.Collect$$libinit$$0000002C)
    __rt_lib_init_cpp_1                      0x080001d5   Thumb Code     0  libinit2.o(.ARM.Collect$$libinit$$00000032)
    __rt_lib_init_exceptions_1               0x080001d5   Thumb Code     0  libinit2.o(.ARM.Collect$$libinit$$00000030)
    __rt_lib_init_return                     0x080001d5   Thumb Code     0  libinit2.o(.ARM.Collect$$libinit$$00000033)
    __rt_lib_init_stdio_1                    0x080001d5   Thumb Code     0  libinit2.o(.ARM.Collect$$libinit$$00000025)
    __rt_lib_shutdown                        0x080001d7   Thumb Code     0  libshutdown.o(.ARM.Collect$$libshutdown$$00000000)
    __rt_lib_shutdown_cpp_1                  0x080001d9   Thumb Code     0  libshutdown2.o(.ARM.Collect$$libshutdown$$00000002)
    __rt_lib_shutdown_stdio_2                0x080001d9   Thumb Code     0  libshutdown2.o(.ARM.Collect$$libshutdown$$00000003)
    __rt_lib_shutdown_fp_trap_1              0x080001dd   Thumb Code     0  libshutdown2.o(.ARM.Collect$$libshutdown$$00000007)
    __rt_lib_shutdown_heap_1                 0x080001dd   Thumb Code     0  libshutdown2.o(.ARM.Collect$$libshutdown$$0000000F)
    __rt_lib_shutdown_return                 0x080001dd   Thumb Code     0  libshutdown2.o(.ARM.Collect$$libshutdown$$00000010)
    __rt_lib_shutdown_signal_1               0x080001dd   Thumb Code     0  libshutdown2.o(.ARM.Collect$$libshutdown$$0000000A)
    __rt_lib_shutdown_stdio_1                0x080001dd   Thumb Code     0  libshutdown2.o(.ARM.Collect$$libshutdown$$00000004)
    __rt_lib_shutdown_user_alloc_1           0x080001dd   Thumb Code     0  libshutdown2.o(.ARM.Collect$$libshutdown$$0000000C)
    __rt_entry                               0x080001df   Thumb Code     0  __rtentry.o(.ARM.Collect$$rtentry$$00000000)
    __rt_entry_presh_1                       0x080001df   Thumb Code     0  __rtentry2.o(.ARM.Collect$$rtentry$$00000002)
    __rt_entry_sh                            0x080001df   Thumb Code     0  __rtentry4.o(.ARM.Collect$$rtentry$$00000004)
    __rt_entry_li                            0x080001e5   Thumb Code     0  __rtentry2.o(.ARM.Collect$$rtentry$$0000000A)
    __rt_entry_postsh_1                      0x080001e5   Thumb Code     0  __rtentry2.o(.ARM.Collect$$rtentry$$00000009)
    __rt_entry_main                          0x080001e9   Thumb Code     0  __rtentry2.o(.ARM.Collect$$rtentry$$0000000D)
    __rt_entry_postli_1                      0x080001e9   Thumb Code     0  __rtentry2.o(.ARM.Collect$$rtentry$$0000000C)
    __rt_exit                                0x080001f1   Thumb Code     0  rtexit.o(.ARM.Collect$$rtexit$$00000000)
    __rt_exit_ls                             0x080001f3   Thumb Code     0  rtexit2.o(.ARM.Collect$$rtexit$$00000003)
    __rt_exit_prels_1                        0x080001f3   Thumb Code     0  rtexit2.o(.ARM.Collect$$rtexit$$00000002)
    __rt_exit_exit                           0x080001f7   Thumb Code     0  rtexit2.o(.ARM.Collect$$rtexit$$00000004)
    SVC_Handler                              0x080001fd   Thumb Code    32  port.o(.emb_text)
    __asm___6_port_c_39a90d8d__prvStartFirstTask 0x08000221   Thumb Code    28  port.o(.emb_text)
    PendSV_Handler                           0x08000241   Thumb Code    72  port.o(.emb_text)
    vPortGetIPSR                             0x0800028d   Thumb Code     6  port.o(.emb_text)
    Reset_Handler                            0x08000295   Thumb Code     8  startup_stm32f10x_md_vl.o(.text)
    _maybe_terminate_alloc                   0x08000295   Thumb Code     0  maybetermalloc1.o(.emb_text)
    NMI_Handler                              0x0800029d   Thumb Code     2  startup_stm32f10x_md_vl.o(.text)
    HardFault_Handler                        0x0800029f   Thumb Code     2  startup_stm32f10x_md_vl.o(.text)
    MemManage_Handler                        0x080002a1   Thumb Code     2  startup_stm32f10x_md_vl.o(.text)
    BusFault_Handler                         0x080002a3   Thumb Code     2  startup_stm32f10x_md_vl.o(.text)
    UsageFault_Handler                       0x080002a5   Thumb Code     2  startup_stm32f10x_md_vl.o(.text)
    DebugMon_Handler                         0x080002a9   Thumb Code     2  startup_stm32f10x_md_vl.o(.text)
    ADC1_IRQHandler                          0x080002af   Thumb Code     0  startup_stm32f10x_md_vl.o(.text)
    CEC_IRQHandler                           0x080002af   Thumb Code     0  startup_stm32f10x_md_vl.o(.text)
    EXTI15_10_IRQHandler                     0x080002af   Thumb Code     0  startup_stm32f10x_md_vl.o(.text)
    EXTI2_IRQHandler                         0x080002af   Thumb Code     0  startup_stm32f10x_md_vl.o(.text)
    EXTI3_IRQHandler                         0x080002af   Thumb Code     0  startup_stm32f10x_md_vl.o(.text)
    EXTI4_IRQHandler                         0x080002af   Thumb Code     0  startup_stm32f10x_md_vl.o(.text)
    EXTI9_5_IRQHandler                       0x080002af   Thumb Code     0  startup_stm32f10x_md_vl.o(.text)
    FLASH_IRQHandler                         0x080002af   Thumb Code     0  startup_stm32f10x_md_vl.o(.text)
    I2C1_ER_IRQHandler                       0x080002af   Thumb Code     0  startup_stm32f10x_md_vl.o(.text)
    I2C1_EV_IRQHandler                       0x080002af   Thumb Code     0  startup_stm32f10x_md_vl.o(.text)
    I2C2_ER_IRQHandler                       0x080002af   Thumb Code     0  startup_stm32f10x_md_vl.o(.text)
    I2C2_EV_IRQHandler                       0x080002af   Thumb Code     0  startup_stm32f10x_md_vl.o(.text)
    PVD_IRQHandler                           0x080002af   Thumb Code     0  startup_stm32f10x_md_vl.o(.text)
    RCC_IRQHandler                           0x080002af   Thumb Code     0  startup_stm32f10x_md_vl.o(.text)
    RTCAlarm_IRQHandler                      0x080002af   Thumb Code     0  startup_stm32f10x_md_vl.o(.text)
    RTC_IRQHandler                           0x080002af   Thumb Code     0  startup_stm32f10x_md_vl.o(.text)
    SPI1_IRQHandler                          0x080002af   Thumb Code     0  startup_stm32f10x_md_vl.o(.text)
    SPI2_IRQHandler                          0x080002af   Thumb Code     0  startup_stm32f10x_md_vl.o(.text)
    TAMPER_IRQHandler                        0x080002af   Thumb Code     0  startup_stm32f10x_md_vl.o(.text)
    TIM1_BRK_TIM15_IRQHandler                0x080002af   Thumb Code     0  startup_stm32f10x_md_vl.o(.text)
    TIM1_CC_IRQHandler                       0x080002af   Thumb Code     0  startup_stm32f10x_md_vl.o(.text)
    TIM1_TRG_COM_TIM17_IRQHandler            0x080002af   Thumb Code     0  startup_stm32f10x_md_vl.o(.text)
    TIM1_UP_TIM16_IRQHandler                 0x080002af   Thumb Code     0  startup_stm32f10x_md_vl.o(.text)
    TIM2_IRQHandler                          0x080002af   Thumb Code     0  startup_stm32f10x_md_vl.o(.text)
    TIM3_IRQHandler                          0x080002af   Thumb Code     0  startup_stm32f10x_md_vl.o(.text)
    TIM4_IRQHandler                          0x080002af   Thumb Code     0  startup_stm32f10x_md_vl.o(.text)
    TIM6_DAC_IRQHandler                      0x080002af   Thumb Code     0  startup_stm32f10x_md_vl.o(.text)
    TIM7_IRQHandler                          0x080002af   Thumb Code     0  startup_stm32f10x_md_vl.o(.text)
    USART2_IRQHandler                        0x080002af   Thumb Code     0  startup_stm32f10x_md_vl.o(.text)
    USART3_IRQHandler                        0x080002af   Thumb Code     0  startup_stm32f10x_md_vl.o(.text)
    WWDG_IRQHandler                          0x080002af   Thumb Code     0  startup_stm32f10x_md_vl.o(.text)
    __user_initial_stackheap                 0x080002b1   Thumb Code     0  startup_stm32f10x_md_vl.o(.text)
    __2printf                                0x080002d5   Thumb Code    20  noretval__2printf.o(.text)
    _printf_str                              0x080002ed   Thumb Code    82  _printf_str.o(.text)
    _printf_int_dec                          0x08000341   Thumb Code   104  _printf_dec.o(.text)
    __printf                                 0x080003b9   Thumb Code   184  __printf_ss.o(.text)
    __0sscanf                                0x08000471   Thumb Code    52  __0sscanf.o(.text)
    _scanf_int                               0x080004ad   Thumb Code   332  _scanf_int.o(.text)
    strtok                                   0x080005f9   Thumb Code     6  strtok.o(.text)
    strlen                                   0x08000605   Thumb Code    62  strlen.o(.text)
    __aeabi_memcpy                           0x08000643   Thumb Code     0  rt_memcpy_v6.o(.text)
    __rt_memcpy                              0x08000643   Thumb Code   138  rt_memcpy_v6.o(.text)
    _memcpy_lastbytes                        0x080006a9   Thumb Code     0  rt_memcpy_v6.o(.text)
    __aeabi_memset                           0x080006cd   Thumb Code    16  aeabi_memset.o(.text)
    strcmp                                   0x080006dd   Thumb Code   128  strcmpv7m.o(.text)
    __use_two_region_memory                  0x0800075d   Thumb Code     2  heapauxi.o(.text)
    __rt_heap_escrow                         0x0800075f   Thumb Code     2  heapauxi.o(.text)
    __rt_heap_expand                         0x08000761   Thumb Code     2  heapauxi.o(.text)
    _printf_int_common                       0x08000763   Thumb Code   178  _printf_intcommon.o(.text)
    __lib_sel_fp_printf                      0x08000815   Thumb Code     2  _printf_fp_dec.o(.text)
    _printf_fp_dec_real                      0x080009c7   Thumb Code   620  _printf_fp_dec.o(.text)
    _printf_cs_common                        0x08000c33   Thumb Code    20  _printf_char.o(.text)
    _printf_char                             0x08000c47   Thumb Code    16  _printf_char.o(.text)
    _printf_string                           0x08000c57   Thumb Code     8  _printf_char.o(.text)
    _printf_char_file                        0x08000c61   Thumb Code    32  _printf_char_file.o(.text)
    _chval                                   0x08000c85   Thumb Code    28  _chval.o(.text)
    _scanf_really_real                       0x08000eed   Thumb Code   684  scanf_fp.o(.text)
    __vfscanf_char                           0x080011a5   Thumb Code    24  scanf_char.o(.text)
    _sgetc                                   0x080011c5   Thumb Code    30  _sgetc.o(.text)
    _sbackspace                              0x080011e3   Thumb Code    34  _sgetc.o(.text)
    __strtok_internal                        0x08001205   Thumb Code    64  strtok_int.o(.text)
    __aeabi_memcpy4                          0x08001249   Thumb Code     0  rt_memcpy_w.o(.text)
    __aeabi_memcpy8                          0x08001249   Thumb Code     0  rt_memcpy_w.o(.text)
    __rt_memcpy_w                            0x08001249   Thumb Code   100  rt_memcpy_w.o(.text)
    _memcpy_lastbytes_aligned                0x08001291   Thumb Code     0  rt_memcpy_w.o(.text)
    __aeabi_memclr                           0x080012ad   Thumb Code     0  rt_memclr.o(.text)
    __rt_memclr                              0x080012ad   Thumb Code    68  rt_memclr.o(.text)
    _memset                                  0x080012b1   Thumb Code     0  rt_memclr.o(.text)
    __rt_locale                              0x080012f1   Thumb Code     8  rt_locale_intlibspace.o(.text)
    __aeabi_errno_addr                       0x080012f9   Thumb Code     8  rt_errno_addr_intlibspace.o(.text)
    __errno$intlibspace                      0x080012f9   Thumb Code     0  rt_errno_addr_intlibspace.o(.text)
    __rt_errno_addr$intlibspace              0x080012f9   Thumb Code     0  rt_errno_addr_intlibspace.o(.text)
    _ll_udiv10                               0x08001301   Thumb Code   138  lludiv10.o(.text)
    isspace                                  0x0800138b   Thumb Code    18  isspace.o(.text)
    _printf_char_common                      0x080013a7   Thumb Code    32  _printf_char_common.o(.text)
    _printf_fp_infnan                        0x080013cd   Thumb Code   112  _printf_fp_infnan.o(.text)
    __vfscanf                                0x0800144d   Thumb Code   878  _scanf.o(.text)
    _btod_etento                             0x080017c1   Thumb Code   224  bigflt0.o(.text)
    ferror                                   0x080018a5   Thumb Code     8  ferror.o(.text)
    _initio                                  0x080018ad   Thumb Code   210  initio.o(.text)
    _terminateio                             0x0800197f   Thumb Code    56  initio.o(.text)
    strcspn                                  0x080019e5   Thumb Code    32  strcspn.o(.text)
    strspn                                   0x08001a05   Thumb Code    28  strspn.o(.text)
    __aeabi_memclr4                          0x08001a21   Thumb Code     0  rt_memclr_w.o(.text)
    __aeabi_memclr8                          0x08001a21   Thumb Code     0  rt_memclr_w.o(.text)
    __rt_memclr_w                            0x08001a21   Thumb Code    78  rt_memclr_w.o(.text)
    _memset_w                                0x08001a25   Thumb Code     0  rt_memclr_w.o(.text)
    _sys_open                                0x08001a6f   Thumb Code    20  sys_io.o(.text)
    _sys_close                               0x08001a83   Thumb Code    12  sys_io.o(.text)
    _sys_write                               0x08001a8f   Thumb Code    16  sys_io.o(.text)
    _sys_read                                0x08001a9f   Thumb Code    14  sys_io.o(.text)
    _sys_istty                               0x08001aad   Thumb Code    12  sys_io.o(.text)
    _sys_seek                                0x08001ab9   Thumb Code    14  sys_io.o(.text)
    _sys_ensure                              0x08001ac7   Thumb Code     2  sys_io.o(.text)
    _sys_flen                                0x08001ac9   Thumb Code    12  sys_io.o(.text)
    __user_libspace                          0x08001ad5   Thumb Code     8  libspace.o(.text)
    __user_perproc_libspace                  0x08001ad5   Thumb Code     0  libspace.o(.text)
    __user_perthread_libspace                0x08001ad5   Thumb Code     0  libspace.o(.text)
    __user_setup_stackheap                   0x08001add   Thumb Code    74  sys_stackheap_outer.o(.text)
    __rt_ctype_table                         0x08001b29   Thumb Code    16  rt_ctype_table.o(.text)
    free                                     0x08001b39   Thumb Code    78  h1_free.o(.text)
    __read_errno                             0x08001b87   Thumb Code    10  _rserrno.o(.text)
    __set_errno                              0x08001b91   Thumb Code    12  _rserrno.o(.text)
    _scanf_really_hex_real                   0x08001b9d   Thumb Code   786  scanf_hexfp.o(.text)
    _scanf_really_infnan                     0x08001ebd   Thumb Code   292  scanf_infnan.o(.text)
    setvbuf                                  0x08001ff1   Thumb Code    70  setvbuf.o(.text)
    freopen                                  0x08002039   Thumb Code   158  fopen.o(.text)
    fopen                                    0x080020d7   Thumb Code    74  fopen.o(.text)
    _fclose_internal                         0x08002125   Thumb Code    76  fclose.o(.text)
    fclose                                   0x08002125   Thumb Code     0  fclose.o(.text)
    exit                                     0x08002171   Thumb Code    18  exit.o(.text)
    __rt_SIGRTRED                            0x08002183   Thumb Code    14  defsig_rtred_outer.o(.text)
    __I$use$semihosting                      0x08002191   Thumb Code     0  use_no_semi.o(.text)
    __use_no_semihosting_swi                 0x08002191   Thumb Code     2  use_no_semi.o(.text)
    __semihosting_library_function           0x08002193   Thumb Code     0  indicate_semi.o(.text)
    __rt_heap_descriptor                     0x08002195   Thumb Code     8  rt_heap_descriptor_intlibspace.o(.text)
    __use_no_heap                            0x0800219d   Thumb Code     2  hguard.o(.text)
    __heap$guard                             0x0800219f   Thumb Code     2  hguard.o(.text)
    _terminate_user_alloc                    0x080021a1   Thumb Code     2  init_alloc.o(.text)
    _init_user_alloc                         0x080021a3   Thumb Code     2  init_alloc.o(.text)
    __Heap_Full                              0x080021a5   Thumb Code    34  init_alloc.o(.text)
    __Heap_Broken                            0x080021c7   Thumb Code     6  init_alloc.o(.text)
    _init_alloc                              0x080021cd   Thumb Code    94  init_alloc.o(.text)
    malloc                                   0x0800222b   Thumb Code    94  h1_alloc.o(.text)
    __aeabi_llsl                             0x08002289   Thumb Code     0  llshl.o(.text)
    _ll_shift_l                              0x08002289   Thumb Code    38  llshl.o(.text)
    _fseek                                   0x080022b1   Thumb Code   242  fseek.o(.text)
    fseek                                    0x080022b1   Thumb Code     0  fseek.o(.text)
    _seterr                                  0x080023a9   Thumb Code    20  stdio.o(.text)
    _writebuf                                0x080023bd   Thumb Code    84  stdio.o(.text)
    _fflush                                  0x08002411   Thumb Code    70  stdio.o(.text)
    _deferredlazyseek                        0x08002457   Thumb Code    60  stdio.o(.text)
    __sig_exit                               0x08002499   Thumb Code    10  defsig_exit.o(.text)
    __rt_SIGRTRED_inner                      0x080024a5   Thumb Code    14  defsig_rtred_inner.o(.text)
    _sys_exit                                0x080024d9   Thumb Code     8  sys_exit.o(.text)
    __Heap_Initialize                        0x080024e5   Thumb Code    10  h1_init.o(.text)
    __Heap_DescSize                          0x080024ef   Thumb Code     4  h1_init.o(.text)
    __Heap_ProvideMemory                     0x080024f3   Thumb Code    52  h1_extend.o(.text)
    _ftell_internal                          0x08002527   Thumb Code    66  ftell.o(.text)
    ftell                                    0x08002527   Thumb Code     0  ftell.o(.text)
    __default_signal_display                 0x08002569   Thumb Code    50  defsig_general.o(.text)
    __rt_SIGRTMEM                            0x0800259b   Thumb Code    14  defsig_rtmem_outer.o(.text)
    _ttywrch                                 0x080025a9   Thumb Code    14  sys_wrch.o(.text)
    __rt_SIGRTMEM_inner                      0x080025b9   Thumb Code    22  defsig_rtmem_inner.o(.text)
    _btod_d2e                                0x08002609   Thumb Code    62  btod.o(CL$$btod_d2e)
    _d2e_denorm_low                          0x08002647   Thumb Code    70  btod.o(CL$$btod_d2e_denorm_low)
    _d2e_norm_op1                            0x0800268d   Thumb Code    96  btod.o(CL$$btod_d2e_norm_op1)
    __btod_div_common                        0x080026ed   Thumb Code   696  btod.o(CL$$btod_div_common)
    _e2d                                     0x08002a25   Thumb Code   122  btod.o(CL$$btod_e2d)
    _e2e                                     0x08002aa9   Thumb Code   220  btod.o(CL$$btod_e2e)
    _btod_ediv                               0x08002b85   Thumb Code    42  btod.o(CL$$btod_ediv)
    _btod_edivd                              0x08002baf   Thumb Code    42  btod.o(CL$$btod_edivd)
    _btod_emul                               0x08002bd9   Thumb Code    42  btod.o(CL$$btod_emul)
    _btod_emuld                              0x08002c03   Thumb Code    42  btod.o(CL$$btod_emuld)
    __btod_mult_common                       0x08002c2d   Thumb Code   580  btod.o(CL$$btod_mult_common)
    DMA1_Channel1_Event                      0x08002e71   Thumb Code     2  dma_stm32f10x.o(i.DMA1_Channel1_Event)
    DMA1_Channel1_IRQHandler                 0x08002e75   Thumb Code    22  dma_stm32f10x.o(i.DMA1_Channel1_IRQHandler)
    DMA1_Channel2_Event                      0x08002e91   Thumb Code     2  dma_stm32f10x.o(i.DMA1_Channel2_Event)
    DMA1_Channel2_IRQHandler                 0x08002e95   Thumb Code    24  dma_stm32f10x.o(i.DMA1_Channel2_IRQHandler)
    DMA1_Channel3_Event                      0x08002eb1   Thumb Code     2  dma_stm32f10x.o(i.DMA1_Channel3_Event)
    DMA1_Channel3_IRQHandler                 0x08002eb5   Thumb Code    24  dma_stm32f10x.o(i.DMA1_Channel3_IRQHandler)
    DMA1_Channel4_Event                      0x08002ed1   Thumb Code     2  dma_stm32f10x.o(i.DMA1_Channel4_Event)
    DMA1_Channel4_IRQHandler                 0x08002ed5   Thumb Code    24  dma_stm32f10x.o(i.DMA1_Channel4_IRQHandler)
    DMA1_Channel5_Event                      0x08002ef1   Thumb Code     2  dma_stm32f10x.o(i.DMA1_Channel5_Event)
    DMA1_Channel5_IRQHandler                 0x08002ef5   Thumb Code    24  dma_stm32f10x.o(i.DMA1_Channel5_IRQHandler)
    DMA1_Channel6_Event                      0x08002f11   Thumb Code     2  dma_stm32f10x.o(i.DMA1_Channel6_Event)
    DMA1_Channel6_IRQHandler                 0x08002f15   Thumb Code    24  dma_stm32f10x.o(i.DMA1_Channel6_IRQHandler)
    DMA1_Channel7_Event                      0x08002f31   Thumb Code     2  dma_stm32f10x.o(i.DMA1_Channel7_Event)
    DMA1_Channel7_IRQHandler                 0x08002f35   Thumb Code    24  dma_stm32f10x.o(i.DMA1_Channel7_IRQHandler)
    EXTI0_IRQHandler                         0x08002f51   Thumb Code    16  encoder.o(i.EXTI0_IRQHandler)
    EXTI1_IRQHandler                         0x08002f61   Thumb Code    50  encoder.o(i.EXTI1_IRQHandler)
    EXTI_ClearITPendingBit                   0x08002f9d   Thumb Code     6  stm32f10x_exti.o(i.EXTI_ClearITPendingBit)
    EXTI_GetITStatus                         0x08002fa9   Thumb Code    34  stm32f10x_exti.o(i.EXTI_GetITStatus)
    EXTI_Init                                0x08002fd1   Thumb Code   142  stm32f10x_exti.o(i.EXTI_Init)
    GPIO_EXTILineConfig                      0x08003065   Thumb Code    60  stm32f10x_gpio.o(i.GPIO_EXTILineConfig)
    GPIO_Init                                0x080030a5   Thumb Code   278  stm32f10x_gpio.o(i.GPIO_Init)
    GPIO_ReadInputDataBit                    0x080031bb   Thumb Code    18  stm32f10x_gpio.o(i.GPIO_ReadInputDataBit)
    NVIC_Init                                0x080031cd   Thumb Code   100  misc.o(i.NVIC_Init)
    PID_get_parameters                       0x08003259   Thumb Code    70  pid.o(i.PID_get_parameters)
    PID_initialize                           0x08003341   Thumb Code    14  pid.o(i.PID_initialize)
    PID_process                              0x08003355   Thumb Code   302  pid.o(i.PID_process)
    PID_set_Kd                               0x080034b1   Thumb Code    48  pid.o(i.PID_set_Kd)
    PID_set_Ki                               0x080034e9   Thumb Code    48  pid.o(i.PID_set_Ki)
    PID_set_Kp                               0x08003521   Thumb Code    48  pid.o(i.PID_set_Kp)
    PID_set_position                         0x08003559   Thumb Code    46  pid.o(i.PID_set_position)
    PID_start                                0x08003591   Thumb Code    44  pid.o(i.PID_start)
    PID_stop                                 0x080035c5   Thumb Code    78  pid.o(i.PID_stop)
    RCC_APB1PeriphClockCmd                   0x08003629   Thumb Code    26  stm32f10x_rcc.o(i.RCC_APB1PeriphClockCmd)
    RCC_APB2PeriphClockCmd                   0x08003649   Thumb Code    26  stm32f10x_rcc.o(i.RCC_APB2PeriphClockCmd)
    RCC_GetClocksFreq                        0x08003669   Thumb Code   190  stm32f10x_rcc.o(i.RCC_GetClocksFreq)
    SysTick_Handler                          0x080037fd   Thumb Code    46  port.o(i.SysTick_Handler)
    SystemInit                               0x08003831   Thumb Code    82  system_stm32f10x.o(i.SystemInit)
    TIM_Cmd                                  0x08003895   Thumb Code    24  stm32f10x_tim.o(i.TIM_Cmd)
    TIM_OC1Init                              0x080038ad   Thumb Code   132  stm32f10x_tim.o(i.TIM_OC1Init)
    TIM_OC1PreloadConfig                     0x08003945   Thumb Code    18  stm32f10x_tim.o(i.TIM_OC1PreloadConfig)
    TIM_TimeBaseInit                         0x08003959   Thumb Code   122  stm32f10x_tim.o(i.TIM_TimeBaseInit)
    USART1_IRQHandler                        0x080039fd   Thumb Code    92  comms.o(i.USART1_IRQHandler)
    USART_Cmd                                0x08003a69   Thumb Code    24  stm32f10x_usart.o(i.USART_Cmd)
    USART_GetFlagStatus                      0x08003a81   Thumb Code    26  stm32f10x_usart.o(i.USART_GetFlagStatus)
    USART_GetITStatus                        0x08003a9b   Thumb Code    84  stm32f10x_usart.o(i.USART_GetITStatus)
    USART_ITConfig                           0x08003aef   Thumb Code    74  stm32f10x_usart.o(i.USART_ITConfig)
    USART_Init                               0x08003b39   Thumb Code   210  stm32f10x_usart.o(i.USART_Init)
    USART_ReceiveData                        0x08003c11   Thumb Code    10  stm32f10x_usart.o(i.USART_ReceiveData)
    USART_SendData                           0x08003c1b   Thumb Code     8  stm32f10x_usart.o(i.USART_SendData)
    __ARM_fpclassify                         0x08003c23   Thumb Code    40  fpclassify.o(i.__ARM_fpclassify)
    __mathlib_dbl_overflow                   0x08003c4b   Thumb Code    14  dunder.o(i.__mathlib_dbl_overflow)
    __mathlib_dbl_underflow                  0x08003c59   Thumb Code    10  dunder.o(i.__mathlib_dbl_underflow)
    __mathlib_narrow                         0x08003c69   Thumb Code    16  narrow.o(i.__mathlib_narrow)
    __mathlib_tofloat                        0x08003c79   Thumb Code   184  narrow.o(i.__mathlib_tofloat)
    __support_ldexp                          0x08003d35   Thumb Code    22  ldexp.o(i.__support_ldexp)
    _is_digit                                0x08003d4b   Thumb Code    14  __printf_wp.o(i._is_digit)
    comms_add_command                        0x08003d69   Thumb Code    72  comms.o(i.comms_add_command)
    comms_initialize                         0x08003db5   Thumb Code   162  comms.o(i.comms_initialize)
    comms_process                            0x08003e61   Thumb Code    44  comms.o(i.comms_process)
    encoder_get_position                     0x08003e99   Thumb Code     6  encoder.o(i.encoder_get_position)
    encoder_initialize                       0x08003ea5   Thumb Code   210  encoder.o(i.encoder_initialize)
    execute_command                          0x08003f81   Thumb Code    98  comms.o(i.execute_command)
    fputc                                    0x08004009   Thumb Code    34  comms.o(i.fputc)
    frexp                                    0x08004031   Thumb Code    80  frexp.o(i.frexp)
    ldexp                                    0x080040ad   Thumb Code   116  ldexp.o(i.ldexp)
    main                                     0x08004121   Thumb Code    66  main.o(i.main)
    motor_initialize                         0x08004179   Thumb Code   190  motor.o(i.motor_initialize)
    motor_set_pwm                            0x0800424d   Thumb Code   146  motor.o(i.motor_set_pwm)
    pvPortMalloc                             0x08004ba1   Thumb Code   104  heap_1.o(i.pvPortMalloc)
    pvTaskIncrementMutexHeldCount            0x08004c15   Thumb Code    26  tasks.o(i.pvTaskIncrementMutexHeldCount)
    pxPortInitialiseStack                    0x08004c35   Thumb Code    30  port.o(i.pxPortInitialiseStack)
    uxListRemove                             0x08004ec5   Thumb Code    40  list.o(i.uxListRemove)
    vApplicationIdleHook                     0x08004eed   Thumb Code    12  main.o(i.vApplicationIdleHook)
    vApplicationMallocFailedHook             0x08004ef9   Thumb Code     4  main.o(i.vApplicationMallocFailedHook)
    vApplicationStackOverflowHook            0x08004efd   Thumb Code     4  main.o(i.vApplicationStackOverflowHook)
    vListInitialise                          0x08004f01   Thumb Code    26  list.o(i.vListInitialise)
    vListInitialiseItem                      0x08004f1b   Thumb Code     6  list.o(i.vListInitialiseItem)
    vListInsert                              0x08004f21   Thumb Code    52  list.o(i.vListInsert)
    vListInsertEnd                           0x08004f55   Thumb Code    24  list.o(i.vListInsertEnd)
    vPortEnterCritical                       0x08004f6d   Thumb Code    76  port.o(i.vPortEnterCritical)
    vPortExitCritical                        0x08004fc1   Thumb Code    56  port.o(i.vPortExitCritical)
    vPortFree                                0x08004ffd   Thumb Code    34  heap_1.o(i.vPortFree)
    vPortSetupTimerInterrupt                 0x0800501f   Thumb Code    22  port.o(i.vPortSetupTimerInterrupt)
    vPortValidateInterruptPriority           0x08005035   Thumb Code   106  port.o(i.vPortValidateInterruptPriority)
    vQueueWaitForMessageRestricted           0x080050ad   Thumb Code    74  queue.o(i.vQueueWaitForMessageRestricted)
    vTaskDelay                               0x080050f9   Thumb Code    82  tasks.o(i.vTaskDelay)
    vTaskDelayUntil                          0x08005155   Thumb Code   200  tasks.o(i.vTaskDelayUntil)
    vTaskInternalSetTimeOutState             0x08005229   Thumb Code    14  tasks.o(i.vTaskInternalSetTimeOutState)
    vTaskMissedYield                         0x08005241   Thumb Code     8  tasks.o(i.vTaskMissedYield)
    vTaskPlaceOnEventList                    0x0800524d   Thumb Code    52  tasks.o(i.vTaskPlaceOnEventList)
    vTaskPlaceOnEventListRestricted          0x08005285   Thumb Code    60  tasks.o(i.vTaskPlaceOnEventListRestricted)
    vTaskPriorityDisinheritAfterTimeout      0x080052c5   Thumb Code   230  tasks.o(i.vTaskPriorityDisinheritAfterTimeout)
    vTaskStartScheduler                      0x080053b9   Thumb Code   118  tasks.o(i.vTaskStartScheduler)
    vTaskSuspendAll                          0x0800544d   Thumb Code    12  tasks.o(i.vTaskSuspendAll)
    vTaskSwitchContext                       0x0800545d   Thumb Code   174  tasks.o(i.vTaskSwitchContext)
    xPortGetFreeHeapSize                     0x08005521   Thumb Code    12  heap_1.o(i.xPortGetFreeHeapSize)
    xPortStartScheduler                      0x08005531   Thumb Code   228  port.o(i.xPortStartScheduler)
    xQueueCreateMutex                        0x08005629   Thumb Code    34  queue.o(i.xQueueCreateMutex)
    xQueueGenericCreate                      0x0800564b   Thumb Code    90  queue.o(i.xQueueGenericCreate)
    xQueueGenericReset                       0x080056a5   Thumb Code   146  queue.o(i.xQueueGenericReset)
    xQueueGenericSend                        0x0800573d   Thumb Code   420  queue.o(i.xQueueGenericSend)
    xQueueGenericSendFromISR                 0x080058e5   Thumb Code   248  queue.o(i.xQueueGenericSendFromISR)
    xQueueReceive                            0x080059dd   Thumb Code   356  queue.o(i.xQueueReceive)
    xQueueSemaphoreTake                      0x08005b45   Thumb Code   434  queue.o(i.xQueueSemaphoreTake)
    xTaskCheckForTimeOut                     0x08005cfd   Thumb Code   132  tasks.o(i.xTaskCheckForTimeOut)
    xTaskCreate                              0x08005d89   Thumb Code    96  tasks.o(i.xTaskCreate)
    xTaskGetSchedulerState                   0x08005de9   Thumb Code    24  tasks.o(i.xTaskGetSchedulerState)
    xTaskGetTickCount                        0x08005e09   Thumb Code     6  tasks.o(i.xTaskGetTickCount)
    xTaskIncrementTick                       0x08005e15   Thumb Code   282  tasks.o(i.xTaskIncrementTick)
    xTaskPriorityDisinherit                  0x08005f5d   Thumb Code   188  tasks.o(i.xTaskPriorityDisinherit)
    xTaskPriorityInherit                     0x08006025   Thumb Code   186  tasks.o(i.xTaskPriorityInherit)
    xTaskRemoveFromEventList                 0x080060ed   Thumb Code   128  tasks.o(i.xTaskRemoveFromEventList)
    xTaskResumeAll                           0x08006185   Thumb Code   224  tasks.o(i.xTaskResumeAll)
    xTimerCreateTimerTask                    0x08006289   Thumb Code    64  timers.o(i.xTimerCreateTimerTask)
    xTimerGenericCommand                     0x080062dd   Thumb Code   126  timers.o(i.xTimerGenericCommand)
    _get_lc_numeric                          0x08006361   Thumb Code    44  lc_numeric_c.o(locale$$code)
    _get_lc_ctype                            0x0800638d   Thumb Code    44  lc_ctype_c.o(locale$$code)
    __aeabi_d2f                              0x080063b9   Thumb Code     0  d2f.o(x$fpl$d2f)
    _d2f                                     0x080063b9   Thumb Code    98  d2f.o(x$fpl$d2f)
    __aeabi_dadd                             0x0800641d   Thumb Code     0  daddsub_clz.o(x$fpl$dadd)
    _dadd                                    0x0800641d   Thumb Code   332  daddsub_clz.o(x$fpl$dadd)
    __fpl_dcheck_NaN1                        0x0800656d   Thumb Code    10  dcheck1.o(x$fpl$dcheck1)
    __fpl_dcmp_Inf                           0x0800657d   Thumb Code    24  dcmpi.o(x$fpl$dcmpinf)
    __aeabi_ddiv                             0x08006595   Thumb Code     0  ddiv.o(x$fpl$ddiv)
    _ddiv                                    0x08006595   Thumb Code   552  ddiv.o(x$fpl$ddiv)
    __aeabi_cdcmpeq                          0x08006845   Thumb Code     0  deqf.o(x$fpl$deqf)
    _dcmpeq                                  0x08006845   Thumb Code   120  deqf.o(x$fpl$deqf)
    __aeabi_d2iz                             0x080068bd   Thumb Code     0  dfix.o(x$fpl$dfix)
    _dfix                                    0x080068bd   Thumb Code    94  dfix.o(x$fpl$dfix)
    __aeabi_d2uiz                            0x0800691d   Thumb Code     0  dfixu.o(x$fpl$dfixu)
    _dfixu                                   0x0800691d   Thumb Code    90  dfixu.o(x$fpl$dfixu)
    __aeabi_i2d                              0x08006977   Thumb Code     0  dflt_clz.o(x$fpl$dflt)
    _dflt                                    0x08006977   Thumb Code    46  dflt_clz.o(x$fpl$dflt)
    __aeabi_ui2d                             0x080069a5   Thumb Code     0  dflt_clz.o(x$fpl$dfltu)
    _dfltu                                   0x080069a5   Thumb Code    38  dflt_clz.o(x$fpl$dfltu)
    __aeabi_cdcmple                          0x080069cd   Thumb Code     0  dleqf.o(x$fpl$dleqf)
    _dcmple                                  0x080069cd   Thumb Code   120  dleqf.o(x$fpl$dleqf)
    __fpl_dcmple_InfNaN                      0x08006a2f   Thumb Code     0  dleqf.o(x$fpl$dleqf)
    __aeabi_dmul                             0x08006a45   Thumb Code     0  dmul.o(x$fpl$dmul)
    _dmul                                    0x08006a45   Thumb Code   332  dmul.o(x$fpl$dmul)
    __fpl_dnaninf                            0x08006b99   Thumb Code   156  dnaninf.o(x$fpl$dnaninf)
    __fpl_dretinf                            0x08006c35   Thumb Code    12  dretinf.o(x$fpl$dretinf)
    __aeabi_cdrcmple                         0x08006c41   Thumb Code     0  drleqf.o(x$fpl$drleqf)
    _drcmple                                 0x08006c41   Thumb Code   108  drleqf.o(x$fpl$drleqf)
    __aeabi_dsub                             0x08006cad   Thumb Code     0  daddsub_clz.o(x$fpl$dsub)
    _dsub                                    0x08006cad   Thumb Code   464  daddsub_clz.o(x$fpl$dsub)
    __fpl_fretinf                            0x08006e81   Thumb Code    10  fretinf.o(x$fpl$fretinf)
    __ieee_status                            0x08006e8b   Thumb Code     6  istatus.o(x$fpl$ieeestatus)
    _printf_fp_dec                           0x08006e91   Thumb Code     4  printf1.o(x$fpl$printf1)
    __fpl_return_NaN                         0x08006e95   Thumb Code   100  retnan.o(x$fpl$retnan)
    __ARM_scalbn                             0x08006ef9   Thumb Code    92  scalbn.o(x$fpl$scalbn)
    _scanf_real                              0x08006f55   Thumb Code     4  scanf1.o(x$fpl$scanf1)
    _scanf_hex_real                          0x08006f59   Thumb Code     4  scanf2.o(x$fpl$scanf2)
    _scanf_infnan                            0x08006f5d   Thumb Code     4  scanf2.o(x$fpl$scanf2)
    __fpl_cmpreturn                          0x08006f61   Thumb Code    48  trapv.o(x$fpl$trapveneer)
    __I$use$fp                               0x08006f90   Number         0  usenofp.o(x$fpl$usenofp)
    commands                                 0x08006f90   Data          72  commands.o(.constdata)
    __stdin_name                             0x0800706c   Data           4  sys_io.o(.constdata)
    __stdout_name                            0x08007070   Data           4  sys_io.o(.constdata)
    __stderr_name                            0x08007074   Data           4  sys_io.o(.constdata)
    Region$$Table$$Base                      0x080070e4   Number         0  anon$$obj.o(Region$$Table)
    Region$$Table$$Limit                     0x08007104   Number         0  anon$$obj.o(Region$$Table)
    __aeabi_HUGE_VAL                         0x08007104   Data           0  fpconst.o(c$$dinf)
    __aeabi_HUGE_VALL                        0x08007104   Data           0  fpconst.o(c$$dinf)
    __aeabi_INFINITY                         0x08007104   Data           0  fpconst.o(c$$dinf)
    __dInf                                   0x08007104   Data           0  fpconst.o(c$$dinf)
    __huge_val                               0x08007104   Data           0  fpconst.o(c$$dinf)
    __dbl_max                                0x0800710c   Data           0  fpconst.o(c$$dmax)
    __ctype                                  0x0800713d   Data           0  lc_ctype_c.o(locale$$data)
    nr_of_commands                           0x20000000   Data           4  commands.o(.data)
    pxCurrentTCB                             0x20000008   Data           4  tasks.o(.data)
    pwm_limit                                0x200000a0   Data           4  motor.o(.data)
    SystemCoreClock                          0x200000bc   Data           4  system_stm32f10x.o(.data)
    AHBPrescTable                            0x200000c0   Data          16  system_stm32f10x.o(.data)
    __aeabi_stdin                            0x200000d4   Data           4  stdio_streams.o(.data)
    __aeabi_stdout                           0x200000d8   Data           4  stdio_streams.o(.data)
    __aeabi_stderr                           0x200000dc   Data           4  stdio_streams.o(.data)
    __stdin                                  0x200016d0   Data          84  stdio_streams.o(.bss)
    __stdout                                 0x20001724   Data          84  stdio_streams.o(.bss)
    __stderr                                 0x20001778   Data          84  stdio_streams.o(.bss)
    __libspace_start                         0x200017cc   Data          96  libspace.o(.bss)
    __temporary_stack_top$libspace           0x2000182c   Data           0  libspace.o(.bss)



==============================================================================

Memory Map of the image

  Image Entry point : 0x08000295

  Load Region LR_1 (Base: 0x08000000, Size: 0x00007320, Max: 0xffffffff, ABSOLUTE)

    Execution Region ER_RO (Exec base: 0x08000000, Load base: 0x08000000, Size: 0x00007240, Max: 0xffffffff, ABSOLUTE)

    Exec Addr    Load Addr    Size         Type   Attr      Idx    E Section Name        Object

    0x08000000   0x08000000   0x00000120   Data   RO         2631    RESET               startup_stm32f10x_md_vl.o
    0x08000120   0x08000120   0x00000008   Code   RO         2735  * !!!main             c_w.l(__main.o)
    0x08000128   0x08000128   0x00000034   Code   RO         3236    !!!scatter          c_w.l(__scatter.o)
    0x0800015c   0x0800015c   0x0000001a   Code   RO         3238    !!handler_copy      c_w.l(__scatter_copy.o)
    0x08000176   0x08000176   0x00000002   PAD
    0x08000178   0x08000178   0x0000001c   Code   RO         3240    !!handler_zi        c_w.l(__scatter_zi.o)
    0x08000194   0x08000194   0x00000000   Code   RO         2717    .ARM.Collect$$_printf_percent$$00000000  c_w.l(_printf_percent.o)
    0x08000194   0x08000194   0x00000006   Code   RO         2716    .ARM.Collect$$_printf_percent$$00000003  c_w.l(_printf_f.o)
    0x0800019a   0x0800019a   0x00000006   Code   RO         2715    .ARM.Collect$$_printf_percent$$00000009  c_w.l(_printf_d.o)
    0x080001a0   0x080001a0   0x00000006   Code   RO         2714    .ARM.Collect$$_printf_percent$$00000014  c_w.l(_printf_s.o)
    0x080001a6   0x080001a6   0x00000004   Code   RO         2776    .ARM.Collect$$_printf_percent$$00000017  c_w.l(_printf_percent_end.o)
    0x080001aa   0x080001aa   0x00000002   Code   RO         2999    .ARM.Collect$$libinit$$00000000  c_w.l(libinit.o)
    0x080001ac   0x080001ac   0x00000000   Code   RO         3001    .ARM.Collect$$libinit$$00000002  c_w.l(libinit2.o)
    0x080001ac   0x080001ac   0x00000000   Code   RO         3003    .ARM.Collect$$libinit$$00000004  c_w.l(libinit2.o)
    0x080001ac   0x080001ac   0x00000008   Code   RO         3004    .ARM.Collect$$libinit$$00000005  c_w.l(libinit2.o)
    0x080001b4   0x080001b4   0x00000000   Code   RO         3006    .ARM.Collect$$libinit$$0000000A  c_w.l(libinit2.o)
    0x080001b4   0x080001b4   0x00000000   Code   RO         3008    .ARM.Collect$$libinit$$0000000C  c_w.l(libinit2.o)
    0x080001b4   0x080001b4   0x00000000   Code   RO         3010    .ARM.Collect$$libinit$$0000000E  c_w.l(libinit2.o)
    0x080001b4   0x080001b4   0x00000006   Code   RO         3011    .ARM.Collect$$libinit$$0000000F  c_w.l(libinit2.o)
    0x080001ba   0x080001ba   0x00000000   Code   RO         3013    .ARM.Collect$$libinit$$00000011  c_w.l(libinit2.o)
    0x080001ba   0x080001ba   0x0000000c   Code   RO         3014    .ARM.Collect$$libinit$$00000012  c_w.l(libinit2.o)
    0x080001c6   0x080001c6   0x00000000   Code   RO         3015    .ARM.Collect$$libinit$$00000013  c_w.l(libinit2.o)
    0x080001c6   0x080001c6   0x00000000   Code   RO         3017    .ARM.Collect$$libinit$$00000015  c_w.l(libinit2.o)
    0x080001c6   0x080001c6   0x0000000a   Code   RO         3018    .ARM.Collect$$libinit$$00000016  c_w.l(libinit2.o)
    0x080001d0   0x080001d0   0x00000000   Code   RO         3019    .ARM.Collect$$libinit$$00000017  c_w.l(libinit2.o)
    0x080001d0   0x080001d0   0x00000000   Code   RO         3021    .ARM.Collect$$libinit$$00000019  c_w.l(libinit2.o)
    0x080001d0   0x080001d0   0x00000000   Code   RO         3023    .ARM.Collect$$libinit$$0000001B  c_w.l(libinit2.o)
    0x080001d0   0x080001d0   0x00000000   Code   RO         3025    .ARM.Collect$$libinit$$0000001D  c_w.l(libinit2.o)
    0x080001d0   0x080001d0   0x00000000   Code   RO         3027    .ARM.Collect$$libinit$$0000001F  c_w.l(libinit2.o)
    0x080001d0   0x080001d0   0x00000000   Code   RO         3029    .ARM.Collect$$libinit$$00000021  c_w.l(libinit2.o)
    0x080001d0   0x080001d0   0x00000000   Code   RO         3031    .ARM.Collect$$libinit$$00000023  c_w.l(libinit2.o)
    0x080001d0   0x080001d0   0x00000004   Code   RO         3032    .ARM.Collect$$libinit$$00000024  c_w.l(libinit2.o)
    0x080001d4   0x080001d4   0x00000000   Code   RO         3033    .ARM.Collect$$libinit$$00000025  c_w.l(libinit2.o)
    0x080001d4   0x080001d4   0x00000000   Code   RO         3037    .ARM.Collect$$libinit$$0000002C  c_w.l(libinit2.o)
    0x080001d4   0x080001d4   0x00000000   Code   RO         3039    .ARM.Collect$$libinit$$0000002E  c_w.l(libinit2.o)
    0x080001d4   0x080001d4   0x00000000   Code   RO         3041    .ARM.Collect$$libinit$$00000030  c_w.l(libinit2.o)
    0x080001d4   0x080001d4   0x00000000   Code   RO         3043    .ARM.Collect$$libinit$$00000032  c_w.l(libinit2.o)
    0x080001d4   0x080001d4   0x00000002   Code   RO         3044    .ARM.Collect$$libinit$$00000033  c_w.l(libinit2.o)
    0x080001d6   0x080001d6   0x00000002   Code   RO         3211    .ARM.Collect$$libshutdown$$00000000  c_w.l(libshutdown.o)
    0x080001d8   0x080001d8   0x00000000   Code   RO         3046    .ARM.Collect$$libshutdown$$00000002  c_w.l(libshutdown2.o)
    0x080001d8   0x080001d8   0x00000004   Code   RO         3047    .ARM.Collect$$libshutdown$$00000003  c_w.l(libshutdown2.o)
    0x080001dc   0x080001dc   0x00000000   Code   RO         3048    .ARM.Collect$$libshutdown$$00000004  c_w.l(libshutdown2.o)
    0x080001dc   0x080001dc   0x00000000   Code   RO         3051    .ARM.Collect$$libshutdown$$00000007  c_w.l(libshutdown2.o)
    0x080001dc   0x080001dc   0x00000000   Code   RO         3054    .ARM.Collect$$libshutdown$$0000000A  c_w.l(libshutdown2.o)
    0x080001dc   0x080001dc   0x00000000   Code   RO         3056    .ARM.Collect$$libshutdown$$0000000C  c_w.l(libshutdown2.o)
    0x080001dc   0x080001dc   0x00000000   Code   RO         3059    .ARM.Collect$$libshutdown$$0000000F  c_w.l(libshutdown2.o)
    0x080001dc   0x080001dc   0x00000002   Code   RO         3060    .ARM.Collect$$libshutdown$$00000010  c_w.l(libshutdown2.o)
    0x080001de   0x080001de   0x00000000   Code   RO         2767    .ARM.Collect$$rtentry$$00000000  c_w.l(__rtentry.o)
    0x080001de   0x080001de   0x00000000   Code   RO         2803    .ARM.Collect$$rtentry$$00000002  c_w.l(__rtentry2.o)
    0x080001de   0x080001de   0x00000006   Code   RO         2815    .ARM.Collect$$rtentry$$00000004  c_w.l(__rtentry4.o)
    0x080001e4   0x080001e4   0x00000000   Code   RO         2805    .ARM.Collect$$rtentry$$00000009  c_w.l(__rtentry2.o)
    0x080001e4   0x080001e4   0x00000004   Code   RO         2806    .ARM.Collect$$rtentry$$0000000A  c_w.l(__rtentry2.o)
    0x080001e8   0x080001e8   0x00000000   Code   RO         2808    .ARM.Collect$$rtentry$$0000000C  c_w.l(__rtentry2.o)
    0x080001e8   0x080001e8   0x00000008   Code   RO         2809    .ARM.Collect$$rtentry$$0000000D  c_w.l(__rtentry2.o)
    0x080001f0   0x080001f0   0x00000002   Code   RO         3074    .ARM.Collect$$rtexit$$00000000  c_w.l(rtexit.o)
    0x080001f2   0x080001f2   0x00000000   Code   RO         3145    .ARM.Collect$$rtexit$$00000002  c_w.l(rtexit2.o)
    0x080001f2   0x080001f2   0x00000004   Code   RO         3146    .ARM.Collect$$rtexit$$00000003  c_w.l(rtexit2.o)
    0x080001f6   0x080001f6   0x00000006   Code   RO         3147    .ARM.Collect$$rtexit$$00000004  c_w.l(rtexit2.o)
    0x080001fc   0x080001fc   0x00000096   Code   RO          967    .emb_text           port.o
    0x08000292   0x08000292   0x00000002   PAD
    0x08000294   0x08000294   0x00000000   Code   RO         3151    .emb_text           c_w.l(maybetermalloc1.o)
    0x08000294   0x08000294   0x00000040   Code   RO         2632  * .text               startup_stm32f10x_md_vl.o
    0x080002d4   0x080002d4   0x00000018   Code   RO         2686    .text               c_w.l(noretval__2printf.o)
    0x080002ec   0x080002ec   0x00000052   Code   RO         2690    .text               c_w.l(_printf_str.o)
    0x0800033e   0x0800033e   0x00000002   PAD
    0x08000340   0x08000340   0x00000078   Code   RO         2692    .text               c_w.l(_printf_dec.o)
    0x080003b8   0x080003b8   0x000000b8   Code   RO         2697    .text               c_w.l(__printf_ss.o)
    0x08000470   0x08000470   0x0000003c   Code   RO         2718    .text               c_w.l(__0sscanf.o)
    0x080004ac   0x080004ac   0x0000014c   Code   RO         2720    .text               c_w.l(_scanf_int.o)
    0x080005f8   0x080005f8   0x0000000c   Code   RO         2722    .text               c_w.l(strtok.o)
    0x08000604   0x08000604   0x0000003e   Code   RO         2725    .text               c_w.l(strlen.o)
    0x08000642   0x08000642   0x0000008a   Code   RO         2727    .text               c_w.l(rt_memcpy_v6.o)
    0x080006cc   0x080006cc   0x00000010   Code   RO         2729    .text               c_w.l(aeabi_memset.o)
    0x080006dc   0x080006dc   0x00000080   Code   RO         2731    .text               c_w.l(strcmpv7m.o)
    0x0800075c   0x0800075c   0x00000006   Code   RO         2733    .text               c_w.l(heapauxi.o)
    0x08000762   0x08000762   0x000000b2   Code   RO         2768    .text               c_w.l(_printf_intcommon.o)
    0x08000814   0x08000814   0x0000041e   Code   RO         2770    .text               c_w.l(_printf_fp_dec.o)
    0x08000c32   0x08000c32   0x0000002c   Code   RO         2772    .text               c_w.l(_printf_char.o)
    0x08000c5e   0x08000c5e   0x00000002   PAD
    0x08000c60   0x08000c60   0x00000024   Code   RO         2774    .text               c_w.l(_printf_char_file.o)
    0x08000c84   0x08000c84   0x0000001c   Code   RO         2777    .text               c_w.l(_chval.o)
    0x08000ca0   0x08000ca0   0x000004f8   Code   RO         2779    .text               c_w.l(scanf_fp.o)
    0x08001198   0x08001198   0x0000002c   Code   RO         2781    .text               c_w.l(scanf_char.o)
    0x080011c4   0x080011c4   0x00000040   Code   RO         2783    .text               c_w.l(_sgetc.o)
    0x08001204   0x08001204   0x00000044   Code   RO         2791    .text               c_w.l(strtok_int.o)
    0x08001248   0x08001248   0x00000064   Code   RO         2793    .text               c_w.l(rt_memcpy_w.o)
    0x080012ac   0x080012ac   0x00000044   Code   RO         2795    .text               c_w.l(rt_memclr.o)
    0x080012f0   0x080012f0   0x00000008   Code   RO         2820    .text               c_w.l(rt_locale_intlibspace.o)
    0x080012f8   0x080012f8   0x00000008   Code   RO         2825    .text               c_w.l(rt_errno_addr_intlibspace.o)
    0x08001300   0x08001300   0x0000008a   Code   RO         2827    .text               c_w.l(lludiv10.o)
    0x0800138a   0x0800138a   0x00000012   Code   RO         2829    .text               c_w.l(isspace.o)
    0x0800139c   0x0800139c   0x00000030   Code   RO         2831    .text               c_w.l(_printf_char_common.o)
    0x080013cc   0x080013cc   0x00000080   Code   RO         2833    .text               c_w.l(_printf_fp_infnan.o)
    0x0800144c   0x0800144c   0x00000374   Code   RO         2835    .text               c_w.l(_scanf.o)
    0x080017c0   0x080017c0   0x000000e4   Code   RO         2837    .text               c_w.l(bigflt0.o)
    0x080018a4   0x080018a4   0x00000008   Code   RO         2862    .text               c_w.l(ferror.o)
    0x080018ac   0x080018ac   0x00000138   Code   RO         2864    .text               c_w.l(initio.o)
    0x080019e4   0x080019e4   0x00000020   Code   RO         2873    .text               c_w.l(strcspn.o)
    0x08001a04   0x08001a04   0x0000001c   Code   RO         2875    .text               c_w.l(strspn.o)
    0x08001a20   0x08001a20   0x0000004e   Code   RO         2877    .text               c_w.l(rt_memclr_w.o)
    0x08001a6e   0x08001a6e   0x00000066   Code   RO         2899    .text               c_w.l(sys_io.o)
    0x08001ad4   0x08001ad4   0x00000008   Code   RO         2904    .text               c_w.l(libspace.o)
    0x08001adc   0x08001adc   0x0000004a   Code   RO         2909    .text               c_w.l(sys_stackheap_outer.o)
    0x08001b26   0x08001b26   0x00000002   PAD
    0x08001b28   0x08001b28   0x00000010   Code   RO         2911    .text               c_w.l(rt_ctype_table.o)
    0x08001b38   0x08001b38   0x0000004e   Code   RO         2915    .text               c_w.l(h1_free.o)
    0x08001b86   0x08001b86   0x00000016   Code   RO         2969    .text               c_w.l(_rserrno.o)
    0x08001b9c   0x08001b9c   0x00000320   Code   RO         2973    .text               c_w.l(scanf_hexfp.o)
    0x08001ebc   0x08001ebc   0x00000134   Code   RO         2975    .text               c_w.l(scanf_infnan.o)
    0x08001ff0   0x08001ff0   0x00000046   Code   RO         2977    .text               c_w.l(setvbuf.o)
    0x08002036   0x08002036   0x00000002   PAD
    0x08002038   0x08002038   0x000000ec   Code   RO         2980    .text               c_w.l(fopen.o)
    0x08002124   0x08002124   0x0000004c   Code   RO         2982    .text               c_w.l(fclose.o)
    0x08002170   0x08002170   0x00000012   Code   RO         2988    .text               c_w.l(exit.o)
    0x08002182   0x08002182   0x0000000e   Code   RO         2990    .text               c_w.l(defsig_rtred_outer.o)
    0x08002190   0x08002190   0x00000002   Code   RO         3071    .text               c_w.l(use_no_semi.o)
    0x08002192   0x08002192   0x00000000   Code   RO         3073    .text               c_w.l(indicate_semi.o)
    0x08002192   0x08002192   0x00000002   PAD
    0x08002194   0x08002194   0x00000008   Code   RO         3081    .text               c_w.l(rt_heap_descriptor_intlibspace.o)
    0x0800219c   0x0800219c   0x00000004   Code   RO         3083    .text               c_w.l(hguard.o)
    0x080021a0   0x080021a0   0x0000008a   Code   RO         3085    .text               c_w.l(init_alloc.o)
    0x0800222a   0x0800222a   0x0000005e   Code   RO         3091    .text               c_w.l(h1_alloc.o)
    0x08002288   0x08002288   0x00000026   Code   RO         3105    .text               c_w.l(llshl.o)
    0x080022ae   0x080022ae   0x00000002   PAD
    0x080022b0   0x080022b0   0x000000f8   Code   RO         3107    .text               c_w.l(fseek.o)
    0x080023a8   0x080023a8   0x000000f0   Code   RO         3109    .text               c_w.l(stdio.o)
    0x08002498   0x08002498   0x0000000a   Code   RO         3114    .text               c_w.l(defsig_exit.o)
    0x080024a2   0x080024a2   0x00000002   PAD
    0x080024a4   0x080024a4   0x00000034   Code   RO         3116    .text               c_w.l(defsig_rtred_inner.o)
    0x080024d8   0x080024d8   0x0000000c   Code   RO         3142    .text               c_w.l(sys_exit.o)
    0x080024e4   0x080024e4   0x0000000e   Code   RO         3153    .text               c_w.l(h1_init.o)
    0x080024f2   0x080024f2   0x00000034   Code   RO         3155    .text               c_w.l(h1_extend.o)
    0x08002526   0x08002526   0x00000042   Code   RO         3161    .text               c_w.l(ftell.o)
    0x08002568   0x08002568   0x00000032   Code   RO         3165    .text               c_w.l(defsig_general.o)
    0x0800259a   0x0800259a   0x0000000e   Code   RO         3167    .text               c_w.l(defsig_rtmem_outer.o)
    0x080025a8   0x080025a8   0x0000000e   Code   RO         3197    .text               c_w.l(sys_wrch.o)
    0x080025b6   0x080025b6   0x00000002   PAD
    0x080025b8   0x080025b8   0x00000050   Code   RO         3205    .text               c_w.l(defsig_rtmem_inner.o)
    0x08002608   0x08002608   0x0000003e   Code   RO         2840    CL$$btod_d2e        c_w.l(btod.o)
    0x08002646   0x08002646   0x00000046   Code   RO         2842    CL$$btod_d2e_denorm_low  c_w.l(btod.o)
    0x0800268c   0x0800268c   0x00000060   Code   RO         2841    CL$$btod_d2e_norm_op1  c_w.l(btod.o)
    0x080026ec   0x080026ec   0x00000338   Code   RO         2850    CL$$btod_div_common  c_w.l(btod.o)
    0x08002a24   0x08002a24   0x00000084   Code   RO         2848    CL$$btod_e2d        c_w.l(btod.o)
    0x08002aa8   0x08002aa8   0x000000dc   Code   RO         2847    CL$$btod_e2e        c_w.l(btod.o)
    0x08002b84   0x08002b84   0x0000002a   Code   RO         2844    CL$$btod_ediv       c_w.l(btod.o)
    0x08002bae   0x08002bae   0x0000002a   Code   RO         2846    CL$$btod_edivd      c_w.l(btod.o)
    0x08002bd8   0x08002bd8   0x0000002a   Code   RO         2843    CL$$btod_emul       c_w.l(btod.o)
    0x08002c02   0x08002c02   0x0000002a   Code   RO         2845    CL$$btod_emuld      c_w.l(btod.o)
    0x08002c2c   0x08002c2c   0x00000244   Code   RO         2849    CL$$btod_mult_common  c_w.l(btod.o)
    0x08002e70   0x08002e70   0x00000002   Code   RO         2446    i.DMA1_Channel1_Event  dma_stm32f10x.o
    0x08002e72   0x08002e72   0x00000002   PAD
    0x08002e74   0x08002e74   0x0000001c   Code   RO         2447    i.DMA1_Channel1_IRQHandler  dma_stm32f10x.o
    0x08002e90   0x08002e90   0x00000002   Code   RO         2448    i.DMA1_Channel2_Event  dma_stm32f10x.o
    0x08002e92   0x08002e92   0x00000002   PAD
    0x08002e94   0x08002e94   0x0000001c   Code   RO         2449    i.DMA1_Channel2_IRQHandler  dma_stm32f10x.o
    0x08002eb0   0x08002eb0   0x00000002   Code   RO         2450    i.DMA1_Channel3_Event  dma_stm32f10x.o
    0x08002eb2   0x08002eb2   0x00000002   PAD
    0x08002eb4   0x08002eb4   0x0000001c   Code   RO         2451    i.DMA1_Channel3_IRQHandler  dma_stm32f10x.o
    0x08002ed0   0x08002ed0   0x00000002   Code   RO         2452    i.DMA1_Channel4_Event  dma_stm32f10x.o
    0x08002ed2   0x08002ed2   0x00000002   PAD
    0x08002ed4   0x08002ed4   0x0000001c   Code   RO         2453    i.DMA1_Channel4_IRQHandler  dma_stm32f10x.o
    0x08002ef0   0x08002ef0   0x00000002   Code   RO         2454    i.DMA1_Channel5_Event  dma_stm32f10x.o
    0x08002ef2   0x08002ef2   0x00000002   PAD
    0x08002ef4   0x08002ef4   0x0000001c   Code   RO         2455    i.DMA1_Channel5_IRQHandler  dma_stm32f10x.o
    0x08002f10   0x08002f10   0x00000002   Code   RO         2456    i.DMA1_Channel6_Event  dma_stm32f10x.o
    0x08002f12   0x08002f12   0x00000002   PAD
    0x08002f14   0x08002f14   0x0000001c   Code   RO         2457    i.DMA1_Channel6_IRQHandler  dma_stm32f10x.o
    0x08002f30   0x08002f30   0x00000002   Code   RO         2458    i.DMA1_Channel7_Event  dma_stm32f10x.o
    0x08002f32   0x08002f32   0x00000002   PAD
    0x08002f34   0x08002f34   0x0000001c   Code   RO         2459    i.DMA1_Channel7_IRQHandler  dma_stm32f10x.o
    0x08002f50   0x08002f50   0x00000010   Code   RO         1080    i.EXTI0_IRQHandler  encoder.o
    0x08002f60   0x08002f60   0x0000003c   Code   RO         1081    i.EXTI1_IRQHandler  encoder.o
    0x08002f9c   0x08002f9c   0x0000000c   Code   RO         1285    i.EXTI_ClearITPendingBit  stm32f10x_exti.o
    0x08002fa8   0x08002fa8   0x00000028   Code   RO         1289    i.EXTI_GetITStatus  stm32f10x_exti.o
    0x08002fd0   0x08002fd0   0x00000094   Code   RO         1290    i.EXTI_Init         stm32f10x_exti.o
    0x08003064   0x08003064   0x00000040   Code   RO         1353    i.GPIO_EXTILineConfig  stm32f10x_gpio.o
    0x080030a4   0x080030a4   0x00000116   Code   RO         1356    i.GPIO_Init         stm32f10x_gpio.o
    0x080031ba   0x080031ba   0x00000012   Code   RO         1360    i.GPIO_ReadInputDataBit  stm32f10x_gpio.o
    0x080031cc   0x080031cc   0x00000070   Code   RO         1236    i.NVIC_Init         misc.o
    0x0800323c   0x0800323c   0x0000001a   Code   RO            1    i.PIDTask           main.o
    0x08003256   0x08003256   0x00000002   PAD
    0x08003258   0x08003258   0x00000058   Code   RO         1124    i.PID_get_parameters  pid.o
    0x080032b0   0x080032b0   0x00000090   Code   RO           99    i.PID_get_parameters_fn  commands.o
    0x08003340   0x08003340   0x00000014   Code   RO         1125    i.PID_initialize    pid.o
    0x08003354   0x08003354   0x0000015c   Code   RO         1126    i.PID_process       pid.o
    0x080034b0   0x080034b0   0x00000038   Code   RO         1127    i.PID_set_Kd        pid.o
    0x080034e8   0x080034e8   0x00000038   Code   RO         1128    i.PID_set_Ki        pid.o
    0x08003520   0x08003520   0x00000038   Code   RO         1129    i.PID_set_Kp        pid.o
    0x08003558   0x08003558   0x00000038   Code   RO         1130    i.PID_set_position  pid.o
    0x08003590   0x08003590   0x00000034   Code   RO         1131    i.PID_start         pid.o
    0x080035c4   0x080035c4   0x00000064   Code   RO         1132    i.PID_stop          pid.o
    0x08003628   0x08003628   0x00000020   Code   RO         1478    i.RCC_APB1PeriphClockCmd  stm32f10x_rcc.o
    0x08003648   0x08003648   0x00000020   Code   RO         1480    i.RCC_APB2PeriphClockCmd  stm32f10x_rcc.o
    0x08003668   0x08003668   0x000000d4   Code   RO         1488    i.RCC_GetClocksFreq  stm32f10x_rcc.o
    0x0800373c   0x0800373c   0x00000008   Code   RO         2639    i.SetSysClock       system_stm32f10x.o
    0x08003744   0x08003744   0x000000b8   Code   RO         2640    i.SetSysClockTo24   system_stm32f10x.o
    0x080037fc   0x080037fc   0x00000034   Code   RO          968    i.SysTick_Handler   port.o
    0x08003830   0x08003830   0x00000064   Code   RO         2642    i.SystemInit        system_stm32f10x.o
    0x08003894   0x08003894   0x00000018   Code   RO         1710    i.TIM_Cmd           stm32f10x_tim.o
    0x080038ac   0x080038ac   0x00000098   Code   RO         1739    i.TIM_OC1Init       stm32f10x_tim.o
    0x08003944   0x08003944   0x00000012   Code   RO         1742    i.TIM_OC1PreloadConfig  stm32f10x_tim.o
    0x08003956   0x08003956   0x00000002   PAD
    0x08003958   0x08003958   0x000000a4   Code   RO         1781    i.TIM_TimeBaseInit  stm32f10x_tim.o
    0x080039fc   0x080039fc   0x0000006c   Code   RO          158    i.USART1_IRQHandler  comms.o
    0x08003a68   0x08003a68   0x00000018   Code   RO         2258    i.USART_Cmd         stm32f10x_usart.o
    0x08003a80   0x08003a80   0x0000001a   Code   RO         2261    i.USART_GetFlagStatus  stm32f10x_usart.o
    0x08003a9a   0x08003a9a   0x00000054   Code   RO         2262    i.USART_GetITStatus  stm32f10x_usart.o
    0x08003aee   0x08003aee   0x0000004a   Code   RO         2264    i.USART_ITConfig    stm32f10x_usart.o
    0x08003b38   0x08003b38   0x000000d8   Code   RO         2265    i.USART_Init        stm32f10x_usart.o
    0x08003c10   0x08003c10   0x0000000a   Code   RO         2272    i.USART_ReceiveData  stm32f10x_usart.o
    0x08003c1a   0x08003c1a   0x00000008   Code   RO         2275    i.USART_SendData    stm32f10x_usart.o
    0x08003c22   0x08003c22   0x00000028   Code   RO         2891    i.__ARM_fpclassify  m_ws.l(fpclassify.o)
    0x08003c4a   0x08003c4a   0x0000000e   Code   RO         3186    i.__mathlib_dbl_overflow  m_ws.l(dunder.o)
    0x08003c58   0x08003c58   0x00000010   Code   RO         3188    i.__mathlib_dbl_underflow  m_ws.l(dunder.o)
    0x08003c68   0x08003c68   0x00000010   Code   RO         2893    i.__mathlib_narrow  m_ws.l(narrow.o)
    0x08003c78   0x08003c78   0x000000bc   Code   RO         2894    i.__mathlib_tofloat  m_ws.l(narrow.o)
    0x08003d34   0x08003d34   0x00000016   Code   RO         3131    i.__support_ldexp   m_ws.l(ldexp.o)
    0x08003d4a   0x08003d4a   0x0000000e   Code   RO         2704    i._is_digit         c_w.l(__printf_wp.o)
    0x08003d58   0x08003d58   0x00000010   Code   RO            2    i.commsTask         main.o
    0x08003d68   0x08003d68   0x0000004c   Code   RO          159    i.comms_add_command  comms.o
    0x08003db4   0x08003db4   0x000000ac   Code   RO          160    i.comms_initialize  comms.o
    0x08003e60   0x08003e60   0x00000038   Code   RO          161    i.comms_process     comms.o
    0x08003e98   0x08003e98   0x0000000c   Code   RO         1082    i.encoder_get_position  encoder.o
    0x08003ea4   0x08003ea4   0x000000dc   Code   RO         1083    i.encoder_initialize  encoder.o
    0x08003f80   0x08003f80   0x00000088   Code   RO          162    i.execute_command   comms.o
    0x08004008   0x08004008   0x00000028   Code   RO          163    i.fputc             comms.o
    0x08004030   0x08004030   0x00000058   Code   RO         3068    i.frexp             m_ws.l(frexp.o)
    0x08004088   0x08004088   0x00000024   Code   RO          100    i.get_position      commands.o
    0x080040ac   0x080040ac   0x00000074   Code   RO         3132    i.ldexp             m_ws.l(ldexp.o)
    0x08004120   0x08004120   0x00000058   Code   RO            4    i.main              main.o
    0x08004178   0x08004178   0x000000d4   Code   RO         1192    i.motor_initialize  motor.o
    0x0800424c   0x0800424c   0x000000a4   Code   RO         1193    i.motor_set_pwm     motor.o
    0x080042f0   0x080042f0   0x00000098   Code   RO          521    i.prvAddCurrentTaskToDelayedList  tasks.o
    0x08004388   0x08004388   0x000000b4   Code   RO          522    i.prvAddNewTaskToReadyList  tasks.o
    0x0800443c   0x0800443c   0x0000004c   Code   RO          834    i.prvCheckForValidListAndQueue  timers.o
    0x08004488   0x08004488   0x00000048   Code   RO          523    i.prvCheckTasksWaitingTermination  tasks.o
    0x080044d0   0x080044d0   0x0000002a   Code   RO          348    i.prvCopyDataFromQueue  queue.o
    0x080044fa   0x080044fa   0x0000007e   Code   RO          349    i.prvCopyDataToQueue  queue.o
    0x08004578   0x08004578   0x00000012   Code   RO          524    i.prvDeleteTCB      tasks.o
    0x0800458a   0x0800458a   0x00000014   Code   RO          350    i.prvGetDisinheritPriorityAfterTimeout  queue.o
    0x0800459e   0x0800459e   0x00000002   PAD
    0x080045a0   0x080045a0   0x00000028   Code   RO          835    i.prvGetNextExpireTime  timers.o
    0x080045c8   0x080045c8   0x0000002c   Code   RO          525    i.prvIdleTask       tasks.o
    0x080045f4   0x080045f4   0x0000001e   Code   RO          351    i.prvInitialiseMutex  queue.o
    0x08004612   0x08004612   0x00000026   Code   RO          352    i.prvInitialiseNewQueue  queue.o
    0x08004638   0x08004638   0x000000cc   Code   RO          526    i.prvInitialiseNewTask  tasks.o
    0x08004704   0x08004704   0x00000068   Code   RO          527    i.prvInitialiseTaskLists  tasks.o
    0x0800476c   0x0800476c   0x00000058   Code   RO          837    i.prvInsertTimerInActiveList  timers.o
    0x080047c4   0x080047c4   0x0000001a   Code   RO          353    i.prvIsQueueEmpty   queue.o
    0x080047de   0x080047de   0x0000001e   Code   RO          354    i.prvIsQueueFull    queue.o
    0x080047fc   0x080047fc   0x00000064   Code   RO          838    i.prvProcessExpiredTimer  timers.o
    0x08004860   0x08004860   0x000000f4   Code   RO          839    i.prvProcessReceivedCommands  timers.o
    0x08004954   0x08004954   0x00000074   Code   RO          840    i.prvProcessTimerOrBlockTask  timers.o
    0x080049c8   0x080049c8   0x00000034   Code   RO          528    i.prvResetNextTaskUnblockTime  tasks.o
    0x080049fc   0x080049fc   0x0000002c   Code   RO          841    i.prvSampleTimeNow  timers.o
    0x08004a28   0x08004a28   0x000000a0   Code   RO          842    i.prvSwitchTimerLists  timers.o
    0x08004ac8   0x08004ac8   0x00000040   Code   RO          969    i.prvTaskExitError  port.o
    0x08004b08   0x08004b08   0x0000001a   Code   RO          843    i.prvTimerTask      timers.o
    0x08004b22   0x08004b22   0x0000007e   Code   RO          355    i.prvUnlockQueue    queue.o
    0x08004ba0   0x08004ba0   0x00000074   Code   RO         1044    i.pvPortMalloc      heap_1.o
    0x08004c14   0x08004c14   0x00000020   Code   RO          530    i.pvTaskIncrementMutexHeldCount  tasks.o
    0x08004c34   0x08004c34   0x00000024   Code   RO          970    i.pxPortInitialiseStack  port.o
    0x08004c58   0x08004c58   0x0000005c   Code   RO          101    i.set_Kd            commands.o
    0x08004cb4   0x08004cb4   0x0000005c   Code   RO          102    i.set_Ki            commands.o
    0x08004d10   0x08004d10   0x0000005c   Code   RO          103    i.set_Kp            commands.o
    0x08004d6c   0x08004d6c   0x0000002c   Code   RO         1194    i.set_direction     motor.o
    0x08004d98   0x08004d98   0x0000006c   Code   RO          104    i.set_position      commands.o
    0x08004e04   0x08004e04   0x00000030   Code   RO          105    i.set_pwm           commands.o
    0x08004e34   0x08004e34   0x00000048   Code   RO          106    i.start_PID         commands.o
    0x08004e7c   0x08004e7c   0x00000048   Code   RO          107    i.stop_PID          commands.o
    0x08004ec4   0x08004ec4   0x00000028   Code   RO          300    i.uxListRemove      list.o
    0x08004eec   0x08004eec   0x0000000c   Code   RO            5    i.vApplicationIdleHook  main.o
    0x08004ef8   0x08004ef8   0x00000004   Code   RO            6    i.vApplicationMallocFailedHook  main.o
    0x08004efc   0x08004efc   0x00000004   Code   RO            7    i.vApplicationStackOverflowHook  main.o
    0x08004f00   0x08004f00   0x0000001a   Code   RO          301    i.vListInitialise   list.o
    0x08004f1a   0x08004f1a   0x00000006   Code   RO          302    i.vListInitialiseItem  list.o
    0x08004f20   0x08004f20   0x00000034   Code   RO          303    i.vListInsert       list.o
    0x08004f54   0x08004f54   0x00000018   Code   RO          304    i.vListInsertEnd    list.o
    0x08004f6c   0x08004f6c   0x00000054   Code   RO          972    i.vPortEnterCritical  port.o
    0x08004fc0   0x08004fc0   0x0000003c   Code   RO          973    i.vPortExitCritical  port.o
    0x08004ffc   0x08004ffc   0x00000022   Code   RO         1045    i.vPortFree         heap_1.o
    0x0800501e   0x0800501e   0x00000016   Code   RO          974    i.vPortSetupTimerInterrupt  port.o
    0x08005034   0x08005034   0x00000078   Code   RO          975    i.vPortValidateInterruptPriority  port.o
    0x080050ac   0x080050ac   0x0000004a   Code   RO          360    i.vQueueWaitForMessageRestricted  queue.o
    0x080050f6   0x080050f6   0x00000002   PAD
    0x080050f8   0x080050f8   0x0000005c   Code   RO          536    i.vTaskDelay        tasks.o
    0x08005154   0x08005154   0x000000d4   Code   RO          537    i.vTaskDelayUntil   tasks.o
    0x08005228   0x08005228   0x00000018   Code   RO          540    i.vTaskInternalSetTimeOutState  tasks.o
    0x08005240   0x08005240   0x0000000c   Code   RO          541    i.vTaskMissedYield  tasks.o
    0x0800524c   0x0800524c   0x00000038   Code   RO          543    i.vTaskPlaceOnEventList  tasks.o
    0x08005284   0x08005284   0x00000040   Code   RO          544    i.vTaskPlaceOnEventListRestricted  tasks.o
    0x080052c4   0x080052c4   0x000000f4   Code   RO          546    i.vTaskPriorityDisinheritAfterTimeout  tasks.o
    0x080053b8   0x080053b8   0x00000094   Code   RO          551    i.vTaskStartScheduler  tasks.o
    0x0800544c   0x0800544c   0x00000010   Code   RO          553    i.vTaskSuspendAll   tasks.o
    0x0800545c   0x0800545c   0x000000c4   Code   RO          554    i.vTaskSwitchContext  tasks.o
    0x08005520   0x08005520   0x00000010   Code   RO         1047    i.xPortGetFreeHeapSize  heap_1.o
    0x08005530   0x08005530   0x000000f8   Code   RO          976    i.xPortStartScheduler  port.o
    0x08005628   0x08005628   0x00000022   Code   RO          361    i.xQueueCreateMutex  queue.o
    0x0800564a   0x0800564a   0x0000005a   Code   RO          362    i.xQueueGenericCreate  queue.o
    0x080056a4   0x080056a4   0x00000098   Code   RO          363    i.xQueueGenericReset  queue.o
    0x0800573c   0x0800573c   0x000001a8   Code   RO          364    i.xQueueGenericSend  queue.o
    0x080058e4   0x080058e4   0x000000f8   Code   RO          365    i.xQueueGenericSendFromISR  queue.o
    0x080059dc   0x080059dc   0x00000168   Code   RO          371    i.xQueueReceive     queue.o
    0x08005b44   0x08005b44   0x000001b8   Code   RO          373    i.xQueueSemaphoreTake  queue.o
    0x08005cfc   0x08005cfc   0x0000008c   Code   RO          555    i.xTaskCheckForTimeOut  tasks.o
    0x08005d88   0x08005d88   0x00000060   Code   RO          556    i.xTaskCreate       tasks.o
    0x08005de8   0x08005de8   0x00000020   Code   RO          560    i.xTaskGetSchedulerState  tasks.o
    0x08005e08   0x08005e08   0x0000000c   Code   RO          561    i.xTaskGetTickCount  tasks.o
    0x08005e14   0x08005e14   0x00000148   Code   RO          563    i.xTaskIncrementTick  tasks.o
    0x08005f5c   0x08005f5c   0x000000c8   Code   RO          566    i.xTaskPriorityDisinherit  tasks.o
    0x08006024   0x08006024   0x000000c8   Code   RO          567    i.xTaskPriorityInherit  tasks.o
    0x080060ec   0x080060ec   0x00000098   Code   RO          568    i.xTaskRemoveFromEventList  tasks.o
    0x08006184   0x08006184   0x00000104   Code   RO          569    i.xTaskResumeAll    tasks.o
    0x08006288   0x08006288   0x00000054   Code   RO          847    i.xTimerCreateTimerTask  timers.o
    0x080062dc   0x080062dc   0x00000084   Code   RO          848    i.xTimerGenericCommand  timers.o
    0x08006360   0x08006360   0x0000002c   Code   RO         2871    locale$$code        c_w.l(lc_numeric_c.o)
    0x0800638c   0x0800638c   0x0000002c   Code   RO         3112    locale$$code        c_w.l(lc_ctype_c.o)
    0x080063b8   0x080063b8   0x00000062   Code   RO         3061    x$fpl$d2f           fz_ws.l(d2f.o)
    0x0800641a   0x0800641a   0x00000002   PAD
    0x0800641c   0x0800641c   0x00000150   Code   RO         2737    x$fpl$dadd          fz_ws.l(daddsub_clz.o)
    0x0800656c   0x0800656c   0x00000010   Code   RO         3180    x$fpl$dcheck1       fz_ws.l(dcheck1.o)
    0x0800657c   0x0800657c   0x00000018   Code   RO         3120    x$fpl$dcmpinf       fz_ws.l(dcmpi.o)
    0x08006594   0x08006594   0x000002b0   Code   RO         2744    x$fpl$ddiv          fz_ws.l(ddiv.o)
    0x08006844   0x08006844   0x00000078   Code   RO         3063    x$fpl$deqf          fz_ws.l(deqf.o)
    0x080068bc   0x080068bc   0x0000005e   Code   RO         2747    x$fpl$dfix          fz_ws.l(dfix.o)
    0x0800691a   0x0800691a   0x00000002   PAD
    0x0800691c   0x0800691c   0x0000005a   Code   RO         2751    x$fpl$dfixu         fz_ws.l(dfixu.o)
    0x08006976   0x08006976   0x0000002e   Code   RO         2756    x$fpl$dflt          fz_ws.l(dflt_clz.o)
    0x080069a4   0x080069a4   0x00000026   Code   RO         2755    x$fpl$dfltu         fz_ws.l(dflt_clz.o)
    0x080069ca   0x080069ca   0x00000002   PAD
    0x080069cc   0x080069cc   0x00000078   Code   RO         3122    x$fpl$dleqf         fz_ws.l(dleqf.o)
    0x08006a44   0x08006a44   0x00000154   Code   RO         2761    x$fpl$dmul          fz_ws.l(dmul.o)
    0x08006b98   0x08006b98   0x0000009c   Code   RO         2797    x$fpl$dnaninf       fz_ws.l(dnaninf.o)
    0x08006c34   0x08006c34   0x0000000c   Code   RO         2799    x$fpl$dretinf       fz_ws.l(dretinf.o)
    0x08006c40   0x08006c40   0x0000006c   Code   RO         3065    x$fpl$drleqf        fz_ws.l(drleqf.o)
    0x08006cac   0x08006cac   0x000001d4   Code   RO         2739    x$fpl$dsub          fz_ws.l(daddsub_clz.o)
    0x08006e80   0x08006e80   0x0000000a   Code   RO         3126    x$fpl$fretinf       fz_ws.l(fretinf.o)
    0x08006e8a   0x08006e8a   0x00000006   Code   RO         2883    x$fpl$ieeestatus    fz_ws.l(istatus.o)
    0x08006e90   0x08006e90   0x00000004   Code   RO         2763    x$fpl$printf1       fz_ws.l(printf1.o)
    0x08006e94   0x08006e94   0x00000064   Code   RO         3212    x$fpl$retnan        fz_ws.l(retnan.o)
    0x08006ef8   0x08006ef8   0x0000005c   Code   RO         3128    x$fpl$scalbn        fz_ws.l(scalbn.o)
    0x08006f54   0x08006f54   0x00000004   Code   RO         2765    x$fpl$scanf1        fz_ws.l(scanf1.o)
    0x08006f58   0x08006f58   0x00000008   Code   RO         2885    x$fpl$scanf2        fz_ws.l(scanf2.o)
    0x08006f60   0x08006f60   0x00000030   Code   RO         3232    x$fpl$trapveneer    fz_ws.l(trapv.o)
    0x08006f90   0x08006f90   0x00000000   Code   RO         2801    x$fpl$usenofp       fz_ws.l(usenofp.o)
    0x08006f90   0x08006f90   0x00000048   Data   RO          108    .constdata          commands.o
    0x08006fd8   0x08006fd8   0x00000094   Data   RO         2838    .constdata          c_w.l(bigflt0.o)
    0x0800706c   0x0800706c   0x00000004   Data   RO         2900    .constdata          c_w.l(sys_io.o)
    0x08007070   0x08007070   0x00000004   Data   RO         2901    .constdata          c_w.l(sys_io.o)
    0x08007074   0x08007074   0x00000004   Data   RO         2902    .constdata          c_w.l(sys_io.o)
    0x08007078   0x08007078   0x0000006b   Data   RO          109    .conststring        commands.o
    0x080070e3   0x080070e3   0x00000001   PAD
    0x080070e4   0x080070e4   0x00000020   Data   RO         3234    Region$$Table       anon$$obj.o
    0x08007104   0x08007104   0x00000008   Data   RO         2879    c$$dinf             fz_ws.l(fpconst.o)
    0x0800710c   0x0800710c   0x00000008   Data   RO         2882    c$$dmax             fz_ws.l(fpconst.o)
    0x08007114   0x08007114   0x0000001c   Data   RO         2870    locale$$data        c_w.l(lc_numeric_c.o)
    0x08007130   0x08007130   0x00000110   Data   RO         3111    locale$$data        c_w.l(lc_ctype_c.o)


    Execution Region ER_RW (Exec base: 0x20000000, Load base: 0x08007240, Size: 0x000000e0, Max: 0xffffffff, ABSOLUTE)

    Exec Addr    Load Addr    Size         Type   Attr      Idx    E Section Name        Object

    0x20000000   0x08007240   0x00000004   Data   RW          110    .data               commands.o
    0x20000004   0x08007244   0x00000002   Data   RW          165    .data               comms.o
    0x20000006   0x08007246   0x00000002   PAD
    0x20000008   0x08007248   0x0000003c   Data   RW          572    .data               tasks.o
    0x20000044   0x08007284   0x00000014   Data   RW          854    .data               timers.o
    0x20000058   0x08007298   0x0000000c   Data   RW          977    .data               port.o
    0x20000064   0x080072a4   0x00000008   Data   RW         1049    .data               heap_1.o
    0x2000006c   0x080072ac   0x00000004   Data   RW         1084    .data               encoder.o
    0x20000070   0x080072b0   0x00000030   Data   RW         1133    .data               pid.o
    0x200000a0   0x080072e0   0x00000008   Data   RW         1195    .data               motor.o
    0x200000a8   0x080072e8   0x00000014   Data   RW         1509    .data               stm32f10x_rcc.o
    0x200000bc   0x080072fc   0x00000014   Data   RW         2643    .data               system_stm32f10x.o
    0x200000d0   0x08007310   0x00000004   Data   RW         2723    .data               c_w.l(strtok.o)
    0x200000d4   0x08007314   0x00000004   Data   RW         2788    .data               c_w.l(stdio_streams.o)
    0x200000d8   0x08007318   0x00000004   Data   RW         2789    .data               c_w.l(stdio_streams.o)
    0x200000dc   0x0800731c   0x00000004   Data   RW         2790    .data               c_w.l(stdio_streams.o)


    Execution Region ER_ZI (Exec base: 0x200000e0, Load base: 0x08007320, Size: 0x00001d50, Max: 0xffffffff, ABSOLUTE)

    Exec Addr    Load Addr    Size         Type   Attr      Idx    E Section Name        Object

    0x200000e0        -       0x00000100   Zero   RW          164    .bss                comms.o
    0x200001e0        -       0x000000c8   Zero   RW          571    .bss                tasks.o
    0x200002a8        -       0x00000028   Zero   RW          853    .bss                timers.o
    0x200002d0        -       0x00001400   Zero   RW         1048    .bss                heap_1.o
    0x200016d0        -       0x00000054   Zero   RW         2785    .bss                c_w.l(stdio_streams.o)
    0x20001724        -       0x00000054   Zero   RW         2786    .bss                c_w.l(stdio_streams.o)
    0x20001778        -       0x00000054   Zero   RW         2787    .bss                c_w.l(stdio_streams.o)
    0x200017cc        -       0x00000060   Zero   RW         2905    .bss                c_w.l(libspace.o)
    0x2000182c   0x08007320   0x00000004   PAD
    0x20001830        -       0x00000200   Zero   RW         2630    HEAP                startup_stm32f10x_md_vl.o
    0x20001a30        -       0x00000400   Zero   RW         2629    STACK               startup_stm32f10x_md_vl.o


==============================================================================

Image component sizes


      Code (inc. data)   RO Data    RW Data    ZI Data      Debug   Object Name

       756        404        179          4          0       5594   commands.o
       588         86          0          2        256     259111   comms.o
       210         30          0          0          0       7259   dma_stm32f10x.o
       308         26          0          4          0       2146   encoder.o
       166         16          0          8       5120       2686   heap_1.o
       148          0          0          0          0       4562   list.o
       150         22          0          0          0      20877   main.o
       112         12          0          0          0       1260   misc.o
       420         46          0          8          0       2007   motor.o
       832        134          0         48          0       7709   pid.o
       836         74          0         12          0      10905   port.o
      2260         20          0          0          0      25445   queue.o
        64         26        288          0       1536        824   startup_stm32f10x_md_vl.o
       200         18          0          0          0       2416   stm32f10x_exti.o
       360          4          0          0          0       3514   stm32f10x_gpio.o
       276         34          0         20          0       4834   stm32f10x_rcc.o
       358         62          0          0          0       3410   stm32f10x_tim.o
       442          6          0          0          0       6613   stm32f10x_usart.o
       292         24          0         20          0       2445   system_stm32f10x.o
      3342        396          0         60        200      26577   tasks.o
      1110        106          0         20         40      19459   timers.o

    ----------------------------------------------------------------------
     13254       1546        500        208       7152     419653   Object Totals
         0          0         32          0          0          0   (incl. Generated)
        24          0          1          2          0          0   (incl. Padding)

    ----------------------------------------------------------------------

      Code (inc. data)   RO Data    RW Data    ZI Data      Debug   Library Member Name

        60          8          0          0          0         84   __0sscanf.o
         8          0          0          0          0         68   __main.o
       184          0          0          0          0         84   __printf_ss.o
        14          0          0          0          0         68   __printf_wp.o
         0          0          0          0          0          0   __rtentry.o
        12          0          0          0          0          0   __rtentry2.o
         6          0          0          0          0          0   __rtentry4.o
        52          8          0          0          0          0   __scatter.o
        26          0          0          0          0          0   __scatter_copy.o
        28          0          0          0          0          0   __scatter_zi.o
        28          0          0          0          0         68   _chval.o
        44          0          0          0          0        108   _printf_char.o
        48          6          0          0          0         96   _printf_char_common.o
        36          4          0          0          0         80   _printf_char_file.o
         6          0          0          0          0          0   _printf_d.o
       120         16          0          0          0         92   _printf_dec.o
         6          0          0          0          0          0   _printf_f.o
      1054          0          0          0          0        216   _printf_fp_dec.o
       128         16          0          0          0         84   _printf_fp_infnan.o
       178          0          0          0          0         88   _printf_intcommon.o
         0          0          0          0          0          0   _printf_percent.o
         4          0          0          0          0          0   _printf_percent_end.o
         6          0          0          0          0          0   _printf_s.o
        82          0          0          0          0         80   _printf_str.o
        22          0          0          0          0        100   _rserrno.o
       884          6          0          0          0        100   _scanf.o
       332          0          0          0          0         96   _scanf_int.o
        64          0          0          0          0         84   _sgetc.o
        16          0          0          0          0         68   aeabi_memset.o
       228          4        148          0          0         96   bigflt0.o
      2152        136          0          0          0        960   btod.o
        10          0          0          0          0         68   defsig_exit.o
        50          0          0          0          0         88   defsig_general.o
        80         58          0          0          0         76   defsig_rtmem_inner.o
        14          0          0          0          0         80   defsig_rtmem_outer.o
        52         38          0          0          0         76   defsig_rtred_inner.o
        14          0          0          0          0         80   defsig_rtred_outer.o
        18          0          0          0          0         80   exit.o
        76          0          0          0          0         88   fclose.o
         8          0          0          0          0         68   ferror.o
       236          4          0          0          0        128   fopen.o
       248          6          0          0          0         84   fseek.o
        66          0          0          0          0         76   ftell.o
        94          0          0          0          0         80   h1_alloc.o
        52          0          0          0          0         68   h1_extend.o
        78          0          0          0          0         80   h1_free.o
        14          0          0          0          0         84   h1_init.o
         6          0          0          0          0        152   heapauxi.o
         4          0          0          0          0        136   hguard.o
         0          0          0          0          0          0   indicate_semi.o
       138          0          0          0          0        168   init_alloc.o
       312         46          0          0          0        112   initio.o
        18          0          0          0          0         76   isspace.o
        44         10        272          0          0         76   lc_ctype_c.o
        44         10         28          0          0         76   lc_numeric_c.o
         2          0          0          0          0          0   libinit.o
        42          0          0          0          0          0   libinit2.o
         2          0          0          0          0          0   libshutdown.o
         6          0          0          0          0          0   libshutdown2.o
         8          4          0          0         96         68   libspace.o
        38          0          0          0          0         68   llshl.o
       138          0          0          0          0         80   lludiv10.o
         0          0          0          0          0          0   maybetermalloc1.o
        24          4          0          0          0         84   noretval__2printf.o
        16          4          0          0          0         76   rt_ctype_table.o
         8          4          0          0          0         68   rt_errno_addr_intlibspace.o
         8          4          0          0          0         68   rt_heap_descriptor_intlibspace.o
         8          4          0          0          0         68   rt_locale_intlibspace.o
        68          0          0          0          0         68   rt_memclr.o
        78          0          0          0          0         80   rt_memclr_w.o
       138          0          0          0          0         68   rt_memcpy_v6.o
       100          0          0          0          0         80   rt_memcpy_w.o
         2          0          0          0          0          0   rtexit.o
        10          0          0          0          0          0   rtexit2.o
        44          8          0          0          0         84   scanf_char.o
      1272         16          0          0          0        168   scanf_fp.o
       800         14          0          0          0        100   scanf_hexfp.o
       308         16          0          0          0        100   scanf_infnan.o
        70          0          0          0          0         80   setvbuf.o
       240          6          0          0          0        156   stdio.o
         0          0          0         12        252          0   stdio_streams.o
       128          0          0          0          0         68   strcmpv7m.o
        32          0          0          0          0         80   strcspn.o
        62          0          0          0          0         76   strlen.o
        28          0          0          0          0         80   strspn.o
        12          6          0          4          0         68   strtok.o
        68          4          0          0          0         84   strtok_int.o
        12          4          0          0          0         68   sys_exit.o
       102          0         12          0          0        240   sys_io.o
        74          0          0          0          0         80   sys_stackheap_outer.o
        14          0          0          0          0         76   sys_wrch.o
         2          0          0          0          0         68   use_no_semi.o
        98          4          0          0          0         92   d2f.o
       804         16          0          0          0        272   daddsub_clz.o
        16          4          0          0          0         68   dcheck1.o
        24          0          0          0          0         68   dcmpi.o
       688        140          0          0          0        208   ddiv.o
       120          4          0          0          0         92   deqf.o
        94          4          0          0          0         92   dfix.o
        90          4          0          0          0         92   dfixu.o
        84          0          0          0          0        136   dflt_clz.o
       120          4          0          0          0         92   dleqf.o
       340         12          0          0          0        104   dmul.o
       156          4          0          0          0         92   dnaninf.o
        12          0          0          0          0         68   dretinf.o
       108          0          0          0          0         80   drleqf.o
         0          0         16          0          0          0   fpconst.o
        10          0          0          0          0         68   fretinf.o
         6          0          0          0          0         68   istatus.o
         4          0          0          0          0         68   printf1.o
       100          0          0          0          0         68   retnan.o
        92          0          0          0          0         68   scalbn.o
         4          0          0          0          0         68   scanf1.o
         8          0          0          0          0         84   scanf2.o
        48          0          0          0          0         68   trapv.o
         0          0          0          0          0          0   usenofp.o
        30          6          0          0          0        136   dunder.o
        40          0          0          0          0         68   fpclassify.o
        88          8          0          0          0         76   frexp.o
       138          0          0          0          0        160   ldexp.o
       204          4          0          0          0        168   narrow.o

    ----------------------------------------------------------------------
     15018        688        476         16        352      10096   Library Totals
        24          0          0          0          4          0   (incl. Padding)

    ----------------------------------------------------------------------

      Code (inc. data)   RO Data    RW Data    ZI Data      Debug   Library Name

     11468        474        460         16        348       7372   c_w.l
      3026        196         16          0          0       2116   fz_ws.l
       500         18          0          0          0        608   m_ws.l

    ----------------------------------------------------------------------
     15018        688        476         16        352      10096   Library Totals

    ----------------------------------------------------------------------

==============================================================================


      Code (inc. data)   RO Data    RW Data    ZI Data      Debug   

     28272       2234        976        224       7504     416537   Grand Totals
     28272       2234        976        224       7504     416537   ELF Image Totals
     28272       2234        976        224          0          0   ROM Totals

==============================================================================

    Total RO  Size (Code + RO Data)                29248 (  28.56kB)
    Total RW  Size (RW Data + ZI Data)              7728 (   7.55kB)
    Total ROM Size (Code + RO Data + RW Data)      29472 (  28.78kB)

==============================================================================

